CLASS com/mojang/minecraft/a/a/e com/mojang/minecraft/level/tile/Liquid
	FIELD m type I
	FIELD n liquidIdIndexed I
	FIELD o liquidId I
	FIELD p speed I
	METHOD c trySpread (Lcom/mojang/minecraft/a/g;IIII)Z
		ARG 1 level
		ARG 2 x
		ARG 3 y
		ARG 4 z
		ARG 5 type
	METHOD d tryHoriSpread (Lcom/mojang/minecraft/a/g;IIII)Z
		ARG 1 level
		ARG 2 x
		ARG 3 y
		ARG 4 z
		ARG 5 type
CLASS com/mojang/minecraft/a/a/f com/mojang/minecraft/level/tile/GrassTile
CLASS com/mojang/minecraft/a/a/a com/mojang/minecraft/level/tile/Water
CLASS com/mojang/minecraft/a/a/b com/mojang/minecraft/level/tile/Tile
	FIELD a tiles [Lcom/mojang/minecraft/a/a/b;
	FIELD b doTick [Z
	FIELD c stone Lcom/mojang/minecraft/a/a/b;
	FIELD d grass Lcom/mojang/minecraft/a/a/b;
	FIELD e dirt Lcom/mojang/minecraft/a/a/b;
	FIELD f bedrock Lcom/mojang/minecraft/a/a/b;
	FIELD g water1 Lcom/mojang/minecraft/a/a/b;
	FIELD h water2 Lcom/mojang/minecraft/a/a/b;
	FIELD i lava1 Lcom/mojang/minecraft/a/a/b;
	FIELD j lava2 Lcom/mojang/minecraft/a/a/b;
	FIELD k tex I
	FIELD l id I
	FIELD m x0 F
	FIELD n y0 F
	FIELD o z0 F
	FIELD p x1 F
	FIELD q y1 F
	FIELD r z1 F
	METHOD <init> (I)V
		ARG 1 id
	METHOD <init> (II)V
		ARG 1 id
		ARG 2 type
	METHOD a blocksLight ()Z
	METHOD a setSize (FFFFFF)V
		ARG 1 x0
		ARG 2 y0
		ARG 3 z0
		ARG 4 x1
		ARG 5 y1
		ARG 6 z1
	METHOD a getTexture (I)I
		ARG 1 face
	METHOD a getAABB (III)Lcom/mojang/minecraft/f/a;
		ARG 1 x
		ARG 2 y
		ARG 3 z
	METHOD a shouldRenderFace (Lcom/mojang/minecraft/a/g;IIII)Z
		ARG 1 level
		ARG 2 x
		ARG 3 y
		ARG 4 z
		ARG 5 layer
	METHOD a destroy (Lcom/mojang/minecraft/a/g;IIILcom/mojang/minecraft/c/a;)V
		ARG 1 level
		ARG 2 x
		ARG 3 y
		ARG 4 z
		ARG 5 particleEngine
	METHOD a tick (Lcom/mojang/minecraft/a/g;IIILjava/util/Random;)V
		ARG 1 level
		ARG 2 x
		ARG 3 y
		ARG 4 z
		ARG 5 random
	METHOD a renderFace (Lcom/mojang/minecraft/b/b;IIII)V
		ARG 1 t
		ARG 2 x
		ARG 3 y
		ARG 4 z
		ARG 5 face
	METHOD a render (Lcom/mojang/minecraft/b/b;Lcom/mojang/minecraft/a/g;IIII)V
		ARG 1 t
		ARG 2 level
		ARG 3 layer
		ARG 4 x
		ARG 5 y
		ARG 6 z
	METHOD a renderFaceNoTexture (Lcom/mojang/minecraft/d;Lcom/mojang/minecraft/b/b;IIII)V
		ARG 0 player
		ARG 1 t
		ARG 2 x
		ARG 3 y
		ARG 4 z
		ARG 5 face
	METHOD a setDoTick (Z)V
		ARG 1 doTick
	METHOD b isSolid ()Z
	METHOD b staticAABB (III)Lcom/mojang/minecraft/f/a;
		ARG 0 x
		ARG 1 y
		ARG 2 z
	METHOD b checkFaces (Lcom/mojang/minecraft/a/g;IIII)V
		ARG 1 level
		ARG 2 x
		ARG 3 y
		ARG 4 z
		ARG 5 id
	METHOD b renderLiquid (Lcom/mojang/minecraft/b/b;IIII)V
		ARG 1 t
		ARG 2 x
		ARG 3 y
		ARG 4 z
		ARG 5 face
	METHOD c isInteractable ()Z
	METHOD d getType ()I
CLASS com/mojang/minecraft/a/a/c com/mojang/minecraft/level/tile/DirtTile
CLASS com/mojang/minecraft/a/a/d com/mojang/minecraft/level/tile/Lava
CLASS com/mojang/minecraft/b/a com/mojang/minecraft/texture/Textures
	FIELD a idMap Ljava/util/HashMap;
	METHOD a loadTexture (Ljava/lang/String;I)I
		ARG 1 resourceName
		ARG 2 mode
CLASS com/mojang/minecraft/MinecraftApplet com/mojang/minecraft/MinecraftApplet
	FIELD a client Lcom/mojang/minecraft/c;
	FIELD b appThread Ljava/lang/Thread;
	FIELD c canvas Ljava/awt/Canvas;
	METHOD a endThread ()V
CLASS com/mojang/minecraft/a/b com/mojang/minecraft/level/StorePlayer1
	FIELD a player Lcom/mojang/minecraft/d;
	METHOD <init> (Lcom/mojang/minecraft/d;)V
		ARG 1 player
CLASS com/mojang/minecraft/a/a com/mojang/minecraft/level/PerlinNoiseFilter
	FIELD a random Ljava/util/Random;
	FIELD b levels I
	FIELD c fuzz I
	FIELD d alignLevels Z
	METHOD <init> (Ljava/util/Random;IZ)V
		ARG 1 random
		ARG 2 levels
		ARG 3 alignLevels
	METHOD a read (II)[I
		ARG 1 width
		ARG 2 height
CLASS com/mojang/minecraft/b/c com/mojang/minecraft/texture/Frustrum
	FIELD a m_Frustrum [[F
	FIELD b frustrum Lcom/mojang/minecraft/b/c;
	FIELD c _proj Ljava/nio/FloatBuffer;
	FIELD d _modl Ljava/nio/FloatBuffer;
	FIELD e _clip Ljava/nio/FloatBuffer;
	FIELD f proj [F
	FIELD g modl [F
	FIELD h clip [F
	METHOD a getFrustrum ()Lcom/mojang/minecraft/b/c;
	METHOD a isVisible (Lcom/mojang/minecraft/f/a;)Z
		ARG 1 aabb
	METHOD a normalizePlane ([[FI)V
		ARG 0 frustrum
		ARG 1 side
CLASS com/mojang/minecraft/c/b com/mojang/minecraft/particle/Particle
	FIELD a tex I
	FIELD b uo F
	FIELD c v0 F
	FIELD d scale F
	FIELD u xd2 F
	FIELD v yd2 F
	FIELD w zd2 F
	FIELD x life I
	FIELD y lifeTime I
	METHOD <init> (Lcom/mojang/minecraft/a/g;FFFFFFI)V
		ARG 1 level
		ARG 2 x
		ARG 3 y
		ARG 4 z
		ARG 5 xa
		ARG 6 ya
		ARG 7 za
		ARG 8 tex
CLASS com/mojang/minecraft/a/d com/mojang/minecraft/level/NoiseSize
	FIELD a width I
	FIELD b height I
	FIELD c depth I
	FIELD d random Ljava/util/Random;
	METHOD <init> (III)V
		ARG 1 width
		ARG 2 height
		ARG 3 depth
CLASS com/mojang/minecraft/d/a com/mojang/minecraft/character/Zombie
	FIELD a rot F
	FIELD b timeOffs F
	FIELD c speed F
	FIELD d rotA F
	FIELD u zombieModel Lcom/mojang/minecraft/d/c;
	FIELD v textures Lcom/mojang/minecraft/b/a;
	METHOD <init> (Lcom/mojang/minecraft/a/g;Lcom/mojang/minecraft/b/a;FFF)V
		ARG 1 level
		ARG 2 textures
		ARG 3 x
		ARG 4 y
		ARG 5 z
CLASS com/mojang/minecraft/b/b com/mojang/minecraft/texture/Tesselator
	FIELD a instance Lcom/mojang/minecraft/b/b;
	FIELD b buffer Ljava/nio/FloatBuffer;
	FIELD c array [F
	FIELD d vertices I
	FIELD e u F
	FIELD f v F
	FIELD g r F
	FIELD h g F
	FIELD i b F
	FIELD j hasColor Z
	FIELD k hasTexture Z
	FIELD l len I
	FIELD m p I
	FIELD n lockColor Z
	METHOD a flush ()V
	METHOD a color (BBB)V
		ARG 1 r
		ARG 2 g
		ARG 3 n
	METHOD a vertex (FFF)V
		ARG 1 x
		ARG 2 y
		ARG 3 z
	METHOD a vertexUV (FFFFF)V
		ARG 1 x
		ARG 2 y
		ARG 3 z
		ARG 4 u
		ARG 5 v
	METHOD a color (I)V
		ARG 1 col
	METHOD a color (III)V
		ARG 1 r
		ARG 2 g
		ARG 3 n
	METHOD b init ()V
	METHOD c lockColor ()V
	METHOD d clear ()V
CLASS com/mojang/minecraft/c/a com/mojang/minecraft/particle/ParticleEngine
	FIELD a particles Ljava/util/List;
	FIELD b textures Lcom/mojang/minecraft/b/a;
	METHOD <init> (Lcom/mojang/minecraft/a/g;Lcom/mojang/minecraft/b/a;)V
		ARG 1 level
		ARG 2 textures
	METHOD a render (Lcom/mojang/minecraft/d;FI)V
		ARG 1 player
		ARG 2 a
		ARG 3 layer
CLASS com/mojang/minecraft/a/c com/mojang/minecraft/level/Chunk
	FIELD a aabb Lcom/mojang/minecraft/f/a;
	FIELD b loaded Z
	FIELD c updates I
	FIELD d level Lcom/mojang/minecraft/a/g;
	FIELD e x0 I
	FIELD f y0 I
	FIELD g z0 I
	FIELD h x1 I
	FIELD i y1 I
	FIELD j z1 I
	FIELD k x F
	FIELD l y F
	FIELD m z F
	FIELD n dirty Z
	FIELD o lists I
	FIELD p t Lcom/mojang/minecraft/b/b;
	FIELD q totalTime J
	FIELD r totalUpdates I
	METHOD <init> (Lcom/mojang/minecraft/a/g;IIIIII)V
		ARG 1 level
		ARG 2 x0
		ARG 3 y0
		ARG 4 z0
		ARG 5 x1
		ARG 6 y1
		ARG 7 z1
	METHOD a rebuild ()V
	METHOD a render (I)V
		ARG 1 layer
	METHOD a compare (Lcom/mojang/minecraft/d;)F
	METHOD b setDirty ()V
	METHOD b rebuild (I)V
		ARG 1 layer
	METHOD c isDirty ()Z
	METHOD d setOuter ()V
CLASS com/mojang/minecraft/f/a com/mojang/minecraft/phys/AABB
	FIELD a x0 F
	FIELD b y0 F
	FIELD c z0 F
	FIELD d x1 F
	FIELD e y1 F
	FIELD f z1 F
	FIELD g epsilon F
	METHOD <init> (FFFFFF)V
		ARG 1 x0
		ARG 2 y0
		ARG 3 z0
		ARG 4 x1
		ARG 5 y1
		ARG 6 z1
	METHOD a move (FFF)V
		ARG 1 xa
		ARG 2 ya
		ARG 3 za
	METHOD a intersects (Lcom/mojang/minecraft/f/a;)Z
		ARG 1 aabb
CLASS com/mojang/minecraft/a/f com/mojang/minecraft/level/LevelRenderer
	FIELD a level Lcom/mojang/minecraft/a/g;
	FIELD b publicChunks [Lcom/mojang/minecraft/a/c;
	FIELD c listIndex I
	FIELD d renderDistance I
	FIELD e chunks [Lcom/mojang/minecraft/a/c;
	FIELD f xChunks I
	FIELD g yChunks I
	FIELD h zChunks I
	FIELD i textures Lcom/mojang/minecraft/b/a;
	FIELD j x F
	FIELD k y F
	FIELD l z F
	METHOD <init> (Lcom/mojang/minecraft/a/g;Lcom/mojang/minecraft/b/a;)V
		ARG 1 level
		ARG 2 textures
	METHOD a createOuterChunks ()V
	METHOD a setDirty (IIIIII)V
		ARG 1 x0
		ARG 2 y0
		ARG 3 z0
		ARG 4 x1
		ARG 5 y1
		ARG 6 z1
	METHOD a render (Lcom/mojang/minecraft/d;I)V
		ARG 1 player
		ARG 2 layer
	METHOD a renderHit (Lcom/mojang/minecraft/d;Lcom/mojang/minecraft/e;II)V
		ARG 1 player
		ARG 2 hitResult
		ARG 3 mode
		ARG 4 paintTexture
	METHOD b outerChunkRenderer ()V
	METHOD c outerChunkWaterRenderer ()V
CLASS com/mojang/minecraft/d/c com/mojang/minecraft/character/ZombieModel
	FIELD a head Lcom/mojang/minecraft/d/b;
	FIELD b body Lcom/mojang/minecraft/d/b;
	FIELD c arm0 Lcom/mojang/minecraft/d/b;
	FIELD d arm1 Lcom/mojang/minecraft/d/b;
	FIELD e leg0 Lcom/mojang/minecraft/d/b;
	FIELD f leg1 Lcom/mojang/minecraft/d/b;
CLASS com/mojang/minecraft/a/e com/mojang/minecraft/level/StorePlayer2
	FIELD a player Lcom/mojang/minecraft/d;
	METHOD <init> (Lcom/mojang/minecraft/d;)V
		ARG 1 player
CLASS com/mojang/minecraft/e/a com/mojang/minecraft/font/Fontmap
	FIELD a charMap [I
	FIELD b fontmap I
	METHOD <init> (Ljava/lang/String;Lcom/mojang/minecraft/b/a;)V
		ARG 1 resourceName
		ARG 2 textures
	METHOD a charMapFromString (Ljava/lang/String;)I
		ARG 1 string
	METHOD a writeToScreen (Ljava/lang/String;III)V
		ARG 1 string
		ARG 2 x
		ARG 3 y
		ARG 4 color
	METHOD a writeToScreen (Ljava/lang/String;IIIZ)V
		ARG 1 string
		ARG 2 x
		ARG 3 y
		ARG 4 color
		ARG 5 parseColor
CLASS com/mojang/minecraft/d/b com/mojang/minecraft/character/Cube
	FIELD a xRot F
	FIELD b yRot F
	FIELD c zRot F
	FIELD d vertices [Lcom/mojang/minecraft/d/e;
	FIELD e polygons [Lcom/mojang/minecraft/d/d;
	FIELD f xTexOffs I
	FIELD g yTexOffs I
	FIELD h x F
	FIELD i y F
	FIELD j z F
	FIELD k compiled Z
	FIELD l list I
	METHOD <init> (II)V
		ARG 1 xTexOffs
		ARG 2 yTexOffs
	METHOD a render ()V
	METHOD a setPos (FFF)V
		ARG 1 x
		ARG 2 y
		ARG 3 z
	METHOD a addBox (FFFIII)V
		ARG 1 x0
		ARG 2 y0
		ARG 3 z0
		ARG 4 w
		ARG 5 h
		ARG 6 d
CLASS com/mojang/minecraft/d/e com/mojang/minecraft/character/Vertex
	FIELD a pos Lcom/mojang/minecraft/d/f;
	FIELD b u F
	FIELD c v F
	METHOD <init> (FFFFF)V
		ARG 1 x
		ARG 2 y
		ARG 3 z
		ARG 4 u
		ARG 5 v
	METHOD <init> (Lcom/mojang/minecraft/d/e;FF)V
		ARG 1 vertex
		ARG 2 u
		ARG 3 v
	METHOD <init> (Lcom/mojang/minecraft/d/f;FF)V
		ARG 1 pos
		ARG 2 u
		ARG 3 v
	METHOD a remap (FF)Lcom/mojang/minecraft/d/e;
		ARG 1 u
		ARG 2 v
CLASS com/mojang/minecraft/a/g com/mojang/minecraft/level/Level
	FIELD a width I
	FIELD b height I
	FIELD c depth I
	FIELD d blockArray [B
	FIELD e addListener Ljava/util/ArrayList;
	FIELD f random Ljava/util/Random;
	FIELD g tickCheck I
	FIELD h tickSpeed I
	FIELD i solidBlockArray [I
	FIELD j client Lcom/mojang/minecraft/c;
	FIELD k fluidLevels [I
	METHOD <init> (Lcom/mojang/minecraft/c;III)V
		ARG 1 client
		ARG 2 height
		ARG 3 width
		ARG 4 depth
	METHOD a createLevel ()V
	METHOD a isLit (III)Z
		ARG 1 x
		ARG 2 y
		ARG 3 z
	METHOD a setTile (IIII)Z
		ARG 1 x
		ARG 2 y
		ARG 3 z
		ARG 4 type
	METHOD a floodMap (IIIII)J
		ARG 1 x
		ARG 2 fluidLevel
		ARG 3 z
		ARG 4 byteId
		ARG 5 id
	METHOD a isTileInRange (Lcom/mojang/minecraft/f/a;I)Z
		ARG 1 aabb
		ARG 2 type
	METHOD b save ()V
	METHOD b getTile (III)I
		ARG 1 x
		ARG 2 y
		ARG 3 z
	METHOD b checkForTile (IIII)Z
		ARG 1 x
		ARG 2 y
		ARG 3 z
		ARG 4 id
	METHOD c loadWorld ()Z
	METHOD c loadWorld (IIII)V
		ARG 1 w0
		ARG 2 h0
		ARG 3 w1
		ARG 4 h1
	METHOD d updateFaces (IIII)V
		ARG 1 x
		ARG 2 y
		ARG 3 z
		ARG 4 type
CLASS com/mojang/minecraft/d/d com/mojang/minecraft/character/Polygon
	FIELD a vertices [Lcom/mojang/minecraft/d/e;
	METHOD <init> ([Lcom/mojang/minecraft/d/e;)V
		ARG 1 verticies
	METHOD <init> ([Lcom/mojang/minecraft/d/e;IIII)V
		ARG 1 verticies
		ARG 2 u0
		ARG 3 v0
		ARG 4 u1
		ARG 5 v1
CLASS com/mojang/minecraft/f com/mojang/minecraft/Entity
	FIELD a level Lcom/mojang/minecraft/a/g;
	FIELD b bbWidth F
	FIELD e xo F
	FIELD f yo F
	FIELD g zo F
	FIELD h x F
	FIELD i y F
	FIELD j z F
	FIELD k xd F
	FIELD l yd F
	FIELD m zd F
	FIELD n yRot F
	FIELD o xRot F
	FIELD p bb Lcom/mojang/minecraft/f/a;
	FIELD q onGround Z
	FIELD r removed Z
	FIELD s heightOffset F
	FIELD t bbHeight F
	METHOD <init> (Lcom/mojang/minecraft/a/g;)V
		ARG 1 level
	METHOD a tick ()V
	METHOD a render (F)V
		ARG 1 time
	METHOD a setSize (FF)V
		ARG 1 w
		ARG 2 h
	METHOD a setPos (FFF)V
		ARG 1 x
		ARG 2 y
		ARG 3 z
	METHOD b resetPos ()V
	METHOD b move (FFF)V
		ARG 1 xa
		ARG 2 ya
		ARG 3 za
	METHOD c inWater ()Z
	METHOD c moveRelative (FFF)V
		ARG 1 xa
		ARG 2 za
		ARG 3 speed
	METHOD d inLava ()Z
	METHOD e isLit ()Z
CLASS com/mojang/minecraft/e com/mojang/minecraft/HitResult
	FIELD a x I
	FIELD b y I
	FIELD c z I
	FIELD d f I
	METHOD <init> (IIIII)V
		ARG 1 unused
		ARG 2 x
		ARG 3 y
		ARG 4 z
		ARG 5 f
	METHOD a distanceFromBlock (Lcom/mojang/minecraft/d;I)F
		ARG 1 player
		ARG 2 mode
CLASS com/mojang/minecraft/d/f com/mojang/minecraft/character/Vec3
	FIELD a x F
	FIELD b y F
	FIELD c z F
	METHOD <init> (FFF)V
		ARG 1 x
		ARG 2 y
		ARG 3 z
CLASS com/mojang/minecraft/d com/mojang/minecraft/Player
CLASS com/mojang/minecraft/c com/mojang/minecraft/Minecraft
	FIELD A lb Ljava/nio/FloatBuffer;
	FIELD a width I
	FIELD b height I
	FIELD c appletConnected Z
	FIELD d stopped Z
	FIELD e running Z
	FIELD f fullscreen Z
	FIELD g fogColor0 Ljava/nio/FloatBuffer;
	FIELD h fogColor1 Ljava/nio/FloatBuffer;
	FIELD i timer Lcom/mojang/minecraft/a;
	FIELD j level Lcom/mojang/minecraft/a/g;
	FIELD k levelRenderer Lcom/mojang/minecraft/a/f;
	FIELD l player Lcom/mojang/minecraft/d;
	FIELD m paintTexture I
	FIELD n particleEngine Lcom/mojang/minecraft/c/a;
	FIELD o zombies Ljava/util/ArrayList;
	FIELD p canvas Ljava/awt/Canvas;
	FIELD q cursor Lorg/lwjgl/input/Cursor;
	FIELD r inverted I
	FIELD s textures Lcom/mojang/minecraft/b/a;
	FIELD t fontmap Lcom/mojang/minecraft/e/a;
	FIELD u mode I
	FIELD v fps Ljava/lang/String;
	FIELD w tabbedOut Z
	FIELD x projMatrix Ljava/nio/IntBuffer;
	FIELD y viewMatrix Ljava/nio/IntBuffer;
	FIELD z hitResult Lcom/mojang/minecraft/e;
	METHOD <init> (Ljava/awt/Canvas;IIZ)V
		ARG 1 canvas
		ARG 2 width
		ARG 3 height
		ARG 4 fullscreen
	METHOD a destroy ()V
	METHOD a moveCameraToPlayer (F)V
		ARG 1 a
	METHOD a getBuffer (FFFF)Ljava/nio/FloatBuffer;
		ARG 1 a
		ARG 2 b
		ARG 3 c
		ARG 4 d
	METHOD a setupFog (I)V
		ARG 1 i
	METHOD a checkError (Ljava/lang/String;)V
		ARG 0 reason
	METHOD a loadingScreen (Ljava/lang/String;Ljava/lang/String;)V
		ARG 1 message
		ARG 2 subMessage
	METHOD b tabIn ()V
	METHOD b render (F)V
		ARG 1 a
	METHOD c tabOut ()V
	METHOD d tick ()V
CLASS com/mojang/minecraft/b com/mojang/minecraft/Notifier
	FIELD a app Lcom/mojang/minecraft/MinecraftApplet;
	METHOD <init> (Lcom/mojang/minecraft/MinecraftApplet;)V
		ARG 1 applet
CLASS com/mojang/minecraft/a com/mojang/minecraft/Timer
	FIELD a ticksPerSecond F
	FIELD b lastTime J
	FIELD c ticks I
	FIELD d a F
	FIELD e timeScale F
	FIELD f passedTime F
	METHOD <init> (F)V
		ARG 1 ticksPerSecond
