CLASS com/mojang/minecraft/level/tile/n com/mojang/minecraft/level/tile/Mushroom
CLASS com/mojang/minecraft/level/tile/m com/mojang/minecraft/level/tile/Sponge
CLASS com/mojang/minecraft/level/tile/h com/mojang/minecraft/level/tile/FallingTile
	METHOD f fall (Lcom/mojang/minecraft/level/Level;III)V
		ARG 1 level
		ARG 2 x
		ARG 3 y
		ARG 4 z
CLASS com/mojang/minecraft/level/tile/g com/mojang/minecraft/level/tile/Liquid
	FIELD aa type Lcom/mojang/minecraft/level/b/a;
	FIELD ab liquidIdIndex I
	FIELD ac liquidId I
	METHOD <init> (ILcom/mojang/minecraft/level/b/a;)V
		ARG 1 id
		ARG 2 type
	METHOD f canSpread (Lcom/mojang/minecraft/level/Level;III)Z
		ARG 1 level
		ARG 2 x
		ARG 3 y
		ARG 4 z
	METHOD g tryHoriSpread (Lcom/mojang/minecraft/level/Level;III)Z
		ARG 1 level
		ARG 2 x
		ARG 3 y
		ARG 4 z
CLASS com/mojang/minecraft/level/tile/f com/mojang/minecraft/level/tile/Glass
	FIELD aa renderNeighbors Z
	METHOD <init> (IIZ)V
		ARG 1 id
		ARG 2 tex
		ARG 3 unused
CLASS com/mojang/minecraft/level/tile/e com/mojang/minecraft/level/tile/Leaves2
CLASS com/mojang/minecraft/level/tile/l com/mojang/minecraft/level/tile/Flower
	METHOD a render (Lcom/mojang/minecraft/a/c;FFF)V
		ARG 1 t
		ARG 2 x
		ARG 3 y
		ARG 4 z
CLASS de/jarnbjo/vorbis/VorbisFormatException de/jarnbjo/vorbis/VorbisFormatException
	METHOD <init> (Ljava/lang/String;)V
		ARG 1 message
CLASS com/mojang/minecraft/level/tile/k com/mojang/minecraft/level/tile/GrassTile
CLASS com/mojang/minecraft/level/tile/j com/mojang/minecraft/level/tile/Lava
CLASS com/mojang/minecraft/level/tile/i com/mojang/minecraft/level/tile/Sapling
CLASS com/mojang/minecraft/mob/Zombie com/mojang/minecraft/mob/Zombie
	FIELD a model Lcom/mojang/minecraft/d/h;
CLASS com/mojang/minecraft/mob/HumanoidMob com/mojang/minecraft/mob/HumanoidMob
	FIELD a underlayerModel Lcom/mojang/minecraft/d/h;
	FIELD armor armor Z
	FIELD b armorlayerModel Lcom/mojang/minecraft/d/h;
	FIELD helmet helmet Z
	FIELD humanoidModel humanoidModel Lcom/mojang/minecraft/d/h;
	METHOD <init> (Lcom/mojang/minecraft/level/Level;FFF)V
		ARG 1 level
		ARG 2 x
		ARG 3 y
		ARG 4 z
CLASS com/mojang/minecraft/item/b com/mojang/minecraft/item/ItemModel
	FIELD a item Lcom/mojang/minecraft/d/j;
	METHOD <init> (I)V
		ARG 1 tex
	METHOD a render ()V
CLASS com/mojang/minecraft/item/a com/mojang/minecraft/item/SignModel
	FIELD a sign Lcom/mojang/minecraft/d/j;
	FIELD b handle Lcom/mojang/minecraft/d/j;
CLASS com/mojang/minecraft/net/c com/mojang/minecraft/net/Server
	FIELD a worldData Ljava/io/ByteArrayOutputStream;
	FIELD b packetHandler Lcom/mojang/a/a;
	FIELD c client Lcom/mojang/minecraft/k;
	FIELD d connected Z
	FIELD e worldLoaded Z
	FIELD f players Ljava/util/HashMap;
	METHOD <init> (Lcom/mojang/minecraft/k;Ljava/lang/String;ILjava/lang/String;Ljava/lang/String;)V
		ARG 1 client
		ARG 2 ip
		ARG 3 port
		ARG 4 username
		ARG 5 mpPass
	METHOD a isConnected ()Z
	METHOD a updateBlock (IIIII)V
		ARG 1 x
		ARG 2 y
		ARG 3 z
		ARG 4 editMode
		ARG 5 paintTexture
	METHOD a disconnect (Ljava/lang/Exception;)V
		ARG 1 exception
	METHOD b getPlayerList ()Ljava/util/List;
CLASS com/mojang/minecraft/net/d com/mojang/minecraft/net/SkinHandler
	FIELD a networkPlayer Lcom/mojang/minecraft/net/NetworkPlayer;
	METHOD <init> (Lcom/mojang/minecraft/net/NetworkPlayer;)V
		ARG 1 networkPlayer
	METHOD run run ()V
CLASS com/mojang/minecraft/net/e com/mojang/minecraft/net/ServerConnect
	FIELD a ip Ljava/lang/String;
	FIELD b port I
	FIELD c username Ljava/lang/String;
	FIELD d mpPass Ljava/lang/String;
	FIELD e client Lcom/mojang/minecraft/k;
	FIELD f server Lcom/mojang/minecraft/net/c;
	METHOD <init> (Lcom/mojang/minecraft/net/c;Ljava/lang/String;ILjava/lang/String;Ljava/lang/String;Lcom/mojang/minecraft/k;)V
		ARG 1 server
		ARG 2 ip
		ARG 3 port
		ARG 4 username
		ARG 5 mpPass
		ARG 6 client
	METHOD run run ()V
CLASS de/jarnbjo/a/a/a de/jarnbjo/util/io/ByteArrayBitInputStream
	FIELD a source [B
	FIELD b currentByte B
	FIELD c endian I
	FIELD d byteIndex I
	FIELD e bitIndex I
	METHOD <init> ([B)V
		ARG 1 source
	METHOD <init> ([BI)V
		ARG 1 source
		ARG 2 endian
	METHOD a getBit ()Z
	METHOD a getInt (I)I
		ARG 1 bits
	METHOD a getInt (Lde/jarnbjo/a/a/b;)I
		ARG 1 root
	METHOD b getLong (I)J
		ARG 1 bits
CLASS com/mojang/minecraft/net/a com/mojang/minecraft/net/Packet
	FIELD a packetTypes [Lcom/mojang/minecraft/net/a;
	FIELD b login Lcom/mojang/minecraft/net/a;
	FIELD c initWolrdLoad Lcom/mojang/minecraft/net/a;
	FIELD d initWorldData Lcom/mojang/minecraft/net/a;
	FIELD e initWorldSize Lcom/mojang/minecraft/net/a;
	FIELD f updateBlock Lcom/mojang/minecraft/net/a;
	FIELD g setDirty Lcom/mojang/minecraft/net/a;
	FIELD h updatePlayer Lcom/mojang/minecraft/net/a;
	FIELD i input Lcom/mojang/minecraft/net/a;
	FIELD j tooFast Lcom/mojang/minecraft/net/a;
	FIELD k move Lcom/mojang/minecraft/net/a;
	FIELD l rotate Lcom/mojang/minecraft/net/a;
	FIELD m disconnect Lcom/mojang/minecraft/net/a;
	FIELD n chat Lcom/mojang/minecraft/net/a;
	FIELD o kick Lcom/mojang/minecraft/net/a;
	FIELD p parameterSize I
	FIELD q packetID B
	FIELD r parameters [Ljava/lang/Class;
	FIELD s currentPacketID I
	METHOD <init> ([Ljava/lang/Class;)V
		ARG 1 parameters
CLASS com/mojang/minecraft/b/a com/mojang/minecraft/audio/AudioChannel
	METHOD a getSampleAudio ([I[II)Z
		ARG 1 leftChannel
		ARG 2 rightChannel
		ARG 3 dataSize
CLASS de/jarnbjo/a/a/b de/jarnbjo/util/io/HuffmanNode
	FIELD a o0 Lde/jarnbjo/a/a/b;
	FIELD b o1 Lde/jarnbjo/a/a/b;
	FIELD c value Ljava/lang/Integer;
	FIELD d depth I
	FIELD e full Z
	METHOD <init> (Lde/jarnbjo/a/a/b;)V
		ARG 1 parent
	METHOD <init> (Lde/jarnbjo/a/a/b;I)V
		ARG 1 parent
		ARG 2 value
	METHOD a isFull ()Z
	METHOD a setNewValue (II)Z
		ARG 1 depth
		ARG 2 value
CLASS com/mojang/minecraft/net/b com/mojang/minecraft/net/PlayerUpdate
	FIELD a x F
	FIELD b y F
	FIELD c z F
	FIELD d xRot F
	FIELD e yRot F
	FIELD f updateRot Z
	FIELD g updatePos Z
	METHOD <init> (FF)V
		ARG 1 xRot
		ARG 2 yRot
	METHOD <init> (FFF)V
		ARG 1 x
		ARG 2 y
		ARG 3 z
	METHOD <init> (FFFFF)V
		ARG 1 x
		ARG 2 y
		ARG 3 z
		ARG 4 xRot
		ARG 5 yRot
CLASS com/mojang/minecraft/b/c com/mojang/minecraft/audio/EntityAudioSource
	FIELD a entity Lcom/mojang/minecraft/Entity;
	METHOD <init> (Lcom/mojang/minecraft/Entity;Lcom/mojang/minecraft/Entity;)V
		ARG 1 entity1
		ARG 2 entity2
CLASS com/mojang/minecraft/b/b com/mojang/minecraft/audio/Sample
	FIELD a sampleData [S
	FIELD b sampleRate F
	METHOD <init> ([SF)V
		ARG 1 sampleData
		ARG 2 sampleRate
CLASS com/mojang/minecraft/b/e com/mojang/minecraft/audio/BaseAudioSource
	FIELD a entity Lcom/mojang/minecraft/Entity;
	METHOD <init> (Lcom/mojang/minecraft/Entity;)V
		ARG 1 entity
	METHOD a calculatePan (FF)F
		ARG 1 x
		ARG 2 z
	METHOD a calculateVolume (FFF)F
		ARG 1 x
		ARG 2 y
		ARG 3 z
CLASS com/mojang/minecraft/b/d com/mojang/minecraft/audio/SampleLoader
	METHOD a loadSample (Ljava/net/URL;)Lcom/mojang/minecraft/b/b;
		ARG 0 url
CLASS com/mojang/minecraft/b/g com/mojang/minecraft/audio/SoundChannel
	FIELD a soundProvider Lcom/mojang/minecraft/b/h;
	FIELD b audioSource Lcom/mojang/minecraft/b/f;
	FIELD c pan F
	FIELD d volume F
	FIELD e soundData [S
	METHOD <init> (Lcom/mojang/minecraft/b/h;Lcom/mojang/minecraft/b/f;)V
		ARG 1 soundProvider
		ARG 2 audioSource
CLASS com/mojang/minecraft/b/f com/mojang/minecraft/audio/AudioSource
	METHOD a getPan ()F
	METHOD b getVolume ()F
CLASS com/mojang/minecraft/b/i com/mojang/minecraft/audio/SoundSystem
	FIELD a running Z
	FIELD b dataLine Ljavax/sound/sampled/SourceDataLine;
	FIELD c options Lcom/mojang/minecraft/j;
	FIELD c muted Z
	FIELD d audioChannels Ljava/util/List;
	METHOD <init> (Lcom/mojang/minecraft/j;)V
		ARG 1 options
	METHOD a addAudioChannel (Lcom/mojang/minecraft/b/a;)V
		ARG 1 audioChannel
	METHOD a addAudioChannel (Lcom/mojang/minecraft/b/h;Lcom/mojang/minecraft/b/f;)V
		ARG 1 soundProvider
		ARG 2 audioSource
	METHOD run run ()V
CLASS com/mojang/minecraft/b/h com/mojang/minecraft/audio/SoundProvider
	FIELD a volume F
	METHOD a getSoundData ([SI)I
		ARG 1 data
		ARG 2 dataLength
CLASS com/mojang/minecraft/b/k com/mojang/minecraft/audio/SoundDataHandler
	FIELD a sounds Ljava/util/Map;
	FIELD b random Ljava/util/Random;
	FIELD c loopTimer J
	FIELD d sampleLoader Lcom/mojang/minecraft/b/d;
	FIELD e music Ljava/util/Map;
	METHOD a playMusic (Lcom/mojang/minecraft/b/i;Ljava/lang/String;)Z
		ARG 1 soundSystem
		ARG 2 fileName
	METHOD a loadSound (Ljava/io/File;Ljava/lang/String;)V
		ARG 1 filePath
		ARG 2 soundName
	METHOD a createSoundProvider (Ljava/lang/String;FF)Lcom/mojang/minecraft/b/h;
		ARG 1 name
		ARG 2 volume
		ARG 3 pitch
	METHOD a loadMusic (Ljava/lang/String;Ljava/io/File;)V
		ARG 1 soundName
		ARG 2 filePath
CLASS com/mojang/minecraft/b/j com/mojang/minecraft/audio/SampleSoundProvider
	FIELD b sample Lcom/mojang/minecraft/b/b;
	FIELD c time F
	FIELD d pitch F
	METHOD <init> (Lcom/mojang/minecraft/b/b;FF)V
		ARG 1 sample
		ARG 2 pitch
		ARG 3 volume
CLASS com/mojang/minecraft/b/m com/mojang/minecraft/audio/MusicChannel
	FIELD a musicData Ljava/nio/ByteBuffer;
	FIELD b musicDataAllocation Ljava/nio/ByteBuffer;
	FIELD c finalizedMusicData Ljava/nio/ByteBuffer;
	FIELD d vorbis Lde/jarnbjo/vorbis/b;
	FIELD e soundSystem Lcom/mojang/minecraft/b/i;
	FIELD f finished Z
	FIELD g endOfFile Z
	FIELD h outputMusicData Ljava/nio/ByteBuffer;
	METHOD <init> (Lcom/mojang/minecraft/b/i;Ljava/net/URL;)V
		ARG 1 soundSystem
		ARG 2 url
CLASS com/mojang/minecraft/b/l com/mojang/minecraft/audio/MusicProvider
	FIELD a musicChannel Lcom/mojang/minecraft/b/m;
	METHOD <init> (Lcom/mojang/minecraft/b/m;)V
		ARG 1 musicChannel
	METHOD run run ()V
CLASS com/mojang/minecraft/b/n com/mojang/minecraft/audio/PositionAudioSource
	FIELD a x F
	FIELD b y F
	FIELD c z F
	METHOD <init> (FFFLcom/mojang/minecraft/Entity;)V
		ARG 1 x
		ARG 2 y
		ARG 3 z
		ARG 4 entity
CLASS com/mojang/minecraft/level/tile/d com/mojang/minecraft/level/tile/Log
CLASS com/mojang/minecraft/level/tile/c com/mojang/minecraft/level/tile/Block
CLASS com/mojang/minecraft/mob/Creeper com/mojang/minecraft/mob/Creeper
	FIELD a model Lcom/mojang/minecraft/d/a;
	METHOD <init> (Lcom/mojang/minecraft/level/Level;FFF)V
		ARG 1 level
		ARG 2 x
		ARG 3 y
		ARG 4 z
CLASS com/mojang/minecraft/level/tile/b com/mojang/minecraft/level/tile/Leaves
	FIELD aa renderNeighbors Z
	METHOD <init> (IIZ)V
		ARG 1 id
		ARG 2 tex
		ARG 3 unused
CLASS com/mojang/minecraft/particle/Particle com/mojang/minecraft/particle/Particle
	FIELD age age I
	FIELD gravity gravity F
	FIELD lifetime lifetime I
	FIELD size size F
	FIELD tex tex I
	FIELD uo uo F
	FIELD vo vo F
	FIELD xd xd F
	FIELD yd yd F
	FIELD zd zd F
	METHOD <init> (Lcom/mojang/minecraft/level/Level;FFFFFFLcom/mojang/minecraft/level/tile/a;)V
		ARG 1 level
		ARG 2 x
		ARG 3 y
		ARG 4 z
		ARG 5 xa
		ARG 6 ya
		ARG 7 za
		ARG 8 tile
	METHOD render$12562f50 render (Lcom/mojang/minecraft/a/c;FFFFFF)V
		ARG 1 t
		ARG 2 a
		ARG 3 xa
		ARG 4 ya
		ARG 5 za
		ARG 6 xa2
		ARG 7 za2
	METHOD scale scale (F)Lcom/mojang/minecraft/particle/Particle;
		ARG 1 scale
	METHOD setPower setPower (F)Lcom/mojang/minecraft/particle/Particle;
		ARG 1 power
CLASS com/mojang/minecraft/level/tile/a com/mojang/minecraft/level/tile/Tile
	FIELD A glass Lcom/mojang/minecraft/level/tile/a;
	FIELD B redCloth Lcom/mojang/minecraft/level/tile/a;
	FIELD C orangeCloth Lcom/mojang/minecraft/level/tile/a;
	FIELD D yellowCloth Lcom/mojang/minecraft/level/tile/a;
	FIELD E chartreuseCloth Lcom/mojang/minecraft/level/tile/a;
	FIELD F greenCloth Lcom/mojang/minecraft/level/tile/a;
	FIELD G springGreenCloth Lcom/mojang/minecraft/level/tile/a;
	FIELD H cyanCloth Lcom/mojang/minecraft/level/tile/a;
	FIELD I capriCloth Lcom/mojang/minecraft/level/tile/a;
	FIELD J ultramarineCloth Lcom/mojang/minecraft/level/tile/a;
	FIELD K violetCloth Lcom/mojang/minecraft/level/tile/a;
	FIELD L purpleCloth Lcom/mojang/minecraft/level/tile/a;
	FIELD M magentaCloth Lcom/mojang/minecraft/level/tile/a;
	FIELD N roseCloth Lcom/mojang/minecraft/level/tile/a;
	FIELD O darkGrayCloth Lcom/mojang/minecraft/level/tile/a;
	FIELD P lightGrayCloth Lcom/mojang/minecraft/level/tile/a;
	FIELD Q whiteCloth Lcom/mojang/minecraft/level/tile/a;
	FIELD R dandelion Lcom/mojang/minecraft/level/tile/a;
	FIELD S rose Lcom/mojang/minecraft/level/tile/a;
	FIELD T brownShroom Lcom/mojang/minecraft/level/tile/a;
	FIELD U redShroom Lcom/mojang/minecraft/level/tile/a;
	FIELD V goldBlock Lcom/mojang/minecraft/level/tile/a;
	FIELD W tex I
	FIELD X id I
	FIELD Y soundType Lcom/mojang/minecraft/level/tile/Tile$SoundType;
	FIELD Z weight F
	FIELD a unused Z
	FIELD aa unknown [I
	FIELD ab breakSpeed I
	FIELD ac x0 F
	FIELD ad y0 F
	FIELD ae z0 F
	FIELD af x1 F
	FIELD ag y1 F
	FIELD ah z1 F
	FIELD b random Ljava/util/Random;
	FIELD c getTile [Lcom/mojang/minecraft/level/tile/a;
	FIELD d doTick [Z
	FIELD e solids [Z
	FIELD f notLiquids [Z
	FIELD g liquids [Z
	FIELD h stone Lcom/mojang/minecraft/level/tile/a;
	FIELD i grass Lcom/mojang/minecraft/level/tile/a;
	FIELD j dirt Lcom/mojang/minecraft/level/tile/a;
	FIELD k cobblestone Lcom/mojang/minecraft/level/tile/a;
	FIELD l planks Lcom/mojang/minecraft/level/tile/a;
	FIELD m sapling Lcom/mojang/minecraft/level/tile/a;
	FIELD n bedrock Lcom/mojang/minecraft/level/tile/a;
	FIELD o water Lcom/mojang/minecraft/level/tile/a;
	FIELD p water2 Lcom/mojang/minecraft/level/tile/a;
	FIELD q lava Lcom/mojang/minecraft/level/tile/a;
	FIELD r lava2 Lcom/mojang/minecraft/level/tile/a;
	FIELD s sand Lcom/mojang/minecraft/level/tile/a;
	FIELD t gravel Lcom/mojang/minecraft/level/tile/a;
	FIELD u goldOre Lcom/mojang/minecraft/level/tile/a;
	FIELD v ironOre Lcom/mojang/minecraft/level/tile/a;
	FIELD w coalOre Lcom/mojang/minecraft/level/tile/a;
	FIELD x log Lcom/mojang/minecraft/level/tile/a;
	FIELD y leaves Lcom/mojang/minecraft/level/tile/a;
	FIELD z sponge Lcom/mojang/minecraft/level/tile/a;
	METHOD <init> (I)V
		ARG 1 id
	METHOD <init> (II)V
		ARG 1 id
		ARG 2 tex
	METHOD a isNotLiquid ()Z
	METHOD a setSize (FFFFFF)V
		ARG 1 x0
		ARG 2 u0
		ARG 3 z0
		ARG 4 x1
		ARG 5 y1
		ARG 6 z1
	METHOD a setUnknown (I)V
		ARG 1 unknown
	METHOD a getAABB (III)Lcom/mojang/minecraft/phys/AABB;
		ARG 1 x
		ARG 2 y
		ARG 3 z
	METHOD a forceRender (Lcom/mojang/minecraft/a/c;)V
		ARG 1 t
	METHOD a renderFace (Lcom/mojang/minecraft/a/c;IIII)V
		ARG 1 t
		ARG 2 x
		ARG 3 y
		ARG 4 z
		ARG 5 face
	METHOD a renderFace (Lcom/mojang/minecraft/a/c;IIIII)V
		ARG 1 t
		ARG 2 x
		ARG 3 y
		ARG 4 z
		ARG 5 face
		ARG 6 tex
	METHOD a render (Lcom/mojang/minecraft/a/c;Lcom/mojang/minecraft/level/Level;IIII)Z
		ARG 1 t
		ARG 2 level
		ARG 3 layer
		ARG 4 x
		ARG 5 y
		ARG 6 z
	METHOD a getBrightness (Lcom/mojang/minecraft/level/Level;III)F
		ARG 1 level
		ARG 2 x
		ARG 3 y
		ARG 4 z
	METHOD a dropItem (Lcom/mojang/minecraft/level/Level;IIIF)V
		ARG 1 level
		ARG 2 x
		ARG 3 y
		ARG 4 z
		ARG 5 chance
	METHOD a checkFaces (Lcom/mojang/minecraft/level/Level;IIII)V
		ARG 1 level
		ARG 2 x
		ARG 3 y
		ARG 4 z
		ARG 5 id
	METHOD a shouldRenderFace (Lcom/mojang/minecraft/level/Level;IIIII)Z
		ARG 1 level
		ARG 2 x
		ARG 3 y
		ARG 4 z
		ARG 5 layer
		ARG 6 face
	METHOD a spawnParticles (Lcom/mojang/minecraft/level/Level;IIIILcom/mojang/minecraft/particle/a;)V
		ARG 1 level
		ARG 2 x
		ARG 3 y
		ARG 4 z
		ARG 5 face
		ARG 6 particleEngine
	METHOD a destroy (Lcom/mojang/minecraft/level/Level;IIILcom/mojang/minecraft/particle/a;)V
		ARG 1 level
		ARG 2 x
		ARG 3 y
		ARG 4 z
		ARG 5 particleEngine
	METHOD a tick (Lcom/mojang/minecraft/level/Level;IIILjava/util/Random;)V
		ARG 1 level
		ARG 2 x
		ARG 3 y
		ARG 4 z
		ARG 5 random
	METHOD a setSoundType (Lcom/mojang/minecraft/level/tile/Tile$SoundType;FFF)Lcom/mojang/minecraft/level/tile/a;
		ARG 1 soundType
		ARG 2 unused
		ARG 3 weight
		ARG 4 breakSpeed
	METHOD a setDoTick (Z)V
		ARG 1 doTick
	METHOD b blocksLight ()Z
	METHOD b getTexture (I)I
		ARG 1 face
	METHOD b renderLiquid (Lcom/mojang/minecraft/a/c;IIII)V
		ARG 1 t
		ARG 2 x
		ARG 3 y
		ARG 4 z
		ARG 5 face
	METHOD b renderFaceOptimized (Lcom/mojang/minecraft/a/c;IIIII)V
		ARG 1 t
		ARG 2 x
		ARG 3 y
		ARG 4 z
		ARG 5 face
		ARG 6 unused
	METHOD b tick (Lcom/mojang/minecraft/level/Level;III)V
		ARG 1 level
		ARG 2 x
		ARG 3 y
		ARG 4 z
	METHOD c isSolid ()Z
	METHOD c tilePlaced (Lcom/mojang/minecraft/level/Level;III)V
		ARG 1 level
		ARG 2 x
		ARG 3 y
		ARG 4 z
	METHOD d getType ()Lcom/mojang/minecraft/level/b/a;
	METHOD d tileBroke (Lcom/mojang/minecraft/level/Level;III)V
		ARG 1 level
		ARG 2 x
		ARG 3 y
		ARG 4 z
	METHOD e getTickDelay ()I
	METHOD e dropItem (Lcom/mojang/minecraft/level/Level;III)V
		ARG 1 level
		ARG 2 x
		ARG 3 y
		ARG 4 z
	METHOD f getDropCount ()I
	METHOD g getDropId ()I
	METHOD h getBreakSpeed ()I
CLASS com/mojang/minecraft/item/Arrow com/mojang/minecraft/item/Arrow
	FIELD hasHit hasHit Z
	FIELD owner owner Lcom/mojang/minecraft/player/Player;
	FIELD stickTime stickTime I
	FIELD time time I
	FIELD xRot xRot F
	FIELD xRotO xRotO F
	FIELD xd xd F
	FIELD yRot yRot F
	FIELD yRotO yRotO F
	FIELD yd yd F
	FIELD zd zd F
	METHOD <init> (Lcom/mojang/minecraft/k;Lcom/mojang/minecraft/player/Player;FFFFF)V
		ARG 1 client
		ARG 2 player
		ARG 3 x
		ARG 4 y
		ARG 5 z
		ARG 6 dir
		ARG 7 power
CLASS com/mojang/minecraft/level/a/a/d com/mojang/minecraft/level/generator/noise/NoiseSlice
	FIELD a heightMap [I
	METHOD <init> (Ljava/util/Random;)V
		ARG 1 random
	METHOD a noiseGen1 (D)D
		ARG 0 deci1
	METHOD a noiseGen2 (DDD)D
		ARG 0 deci1
		ARG 2 deci2
		ARG 4 deci3
	METHOD a noiseGen3 (IDDD)D
		ARG 0 height
		ARG 1 deci1
		ARG 3 deci2
		ARG 5 deci3
CLASS com/mojang/minecraft/level/a/a/c com/mojang/minecraft/level/generator/noise/NoiseGenerator
	FIELD a noise1 Lcom/mojang/minecraft/level/a/a/a;
	FIELD b noise2 Lcom/mojang/minecraft/level/a/a/a;
	METHOD <init> (Lcom/mojang/minecraft/level/a/a/a;Lcom/mojang/minecraft/level/a/a/a;)V
		ARG 1 noise1
		ARG 2 noise2
CLASS com/mojang/minecraft/level/a/a/b com/mojang/minecraft/level/generator/noise/NoiseSlicer
	FIELD a slices [Lcom/mojang/minecraft/level/a/a/d;
	FIELD b count I
	METHOD <init> (Ljava/util/Random;I)V
		ARG 1 random
		ARG 2 index
CLASS com/mojang/minecraft/level/a/a/a com/mojang/minecraft/level/generator/noise/Noise
	METHOD a getNoise (DD)D
		ARG 1 deci1
		ARG 3 deci2
CLASS com/mojang/minecraft/level/Level com/mojang/minecraft/level/Level
	FIELD a listeners Ljava/util/ArrayList;
	FIELD b lightDepths [I
	FIELD blockMap blockMap Lcom/mojang/minecraft/level/b;
	FIELD blocks blocks [B
	FIELD c random Ljava/util/Random;
	FIELD cloudColor cloudColor I
	FIELD createTime createTime J
	FIELD creator creator Ljava/lang/String;
	FIELD d doTick I
	FIELD depth depth I
	FIELD e tickUpdates Ljava/util/ArrayList;
	FIELD fogColor fogColor I
	FIELD height height I
	FIELD name name Ljava/lang/String;
	FIELD networkMode networkMode Z
	FIELD particleEngine$13e306ae particleEngine Lcom/mojang/minecraft/particle/a;
	FIELD player player Lcom/mojang/minecraft/Entity;
	FIELD rendererContext$5cd64a7f rendererContext Lcom/mojang/minecraft/k;
	FIELD rotSpawn rotSpawn F
	FIELD serialVersionUID serialVersionUID J
	FIELD skyColor skyColor I
	FIELD tickCount tickCount I
	FIELD unprocessed unprocessed I
	FIELD waterLevel waterLevel I
	FIELD width width I
	FIELD xSpawn xSpawn I
	FIELD ySpawn ySpawn I
	FIELD zSpawn zSpawn I
	METHOD a isSolid (FFF)Z
		ARG 1 x
		ARG 2 y
		ARG 3 z
	METHOD a inBounds (III)Z
		ARG 1 x
		ARG 2 y
		ARG 3 z
	METHOD a updateTileFaces (IIII)V
		ARG 1 x
		ARG 2 y
		ARG 3 z
		ARG 4 type
	METHOD addEntity addEntity (Lcom/mojang/minecraft/Entity;)V
		ARG 1 entity
	METHOD addListener$74652038 addListener (Lcom/mojang/minecraft/a/g;)V
		ARG 1 levelRenderer
	METHOD addToTickNextTick addToTickNextTick (IIII)V
		ARG 1 x
		ARG 2 y
		ARG 3 z
		ARG 4 tile
	METHOD calcLightDepths calcLightDepths (IIII)V
		ARG 1 x0
		ARG 2 z0
		ARG 3 x1
		ARG 4 z1
	METHOD clip clip (Lcom/mojang/minecraft/d/b;Lcom/mojang/minecraft/d/b;)Lcom/mojang/minecraft/f;
		ARG 1 d1
		ARG 2 d2
	METHOD containsAnyLiquid containsAnyLiquid (Lcom/mojang/minecraft/phys/AABB;)Z
		ARG 1 aabb
	METHOD containsLiquid containsLiquid (Lcom/mojang/minecraft/phys/AABB;Lcom/mojang/minecraft/level/b/a;)Z
		ARG 1 aabb
		ARG 2 type
	METHOD copyBlocks copyBlocks ()[B
	METHOD explode explode (Lcom/mojang/minecraft/Entity;FFFF)V
		ARG 1 entity
		ARG 2 x
		ARG 3 y
		ARG 4 z
		ARG 5 size
	METHOD findEntities findEntities (Lcom/mojang/minecraft/Entity;Lcom/mojang/minecraft/phys/AABB;)Ljava/util/List;
		ARG 1 entity
		ARG 2 aabb
	METHOD findSpawn findSpawn ()V
	METHOD getBrightness getBrightness (III)F
		ARG 1 x
		ARG 2 y
		ARG 3 z
	METHOD getCaveness getCaveness (FFFF)F
		ARG 1 x
		ARG 2 y
		ARG 3 z
		ARG 4 rot
	METHOD getCaveness getCaveness (Lcom/mojang/minecraft/Entity;)F
		ARG 1 entity
	METHOD getCubes getCubes (Lcom/mojang/minecraft/phys/AABB;)Ljava/util/ArrayList;
		ARG 1 aabb
	METHOD getGroundLevel getGroundLevel ()F
	METHOD getHighestTile getHighestTile (II)I
		ARG 1 x
		ARG 2 y
	METHOD getLiquid getLiquid (III)Lcom/mojang/minecraft/level/b/a;
		ARG 1 x
		ARG 2 y
		ARG 3 z
	METHOD getPlayer getPlayer ()Lcom/mojang/minecraft/Entity;
	METHOD getTile getTile (III)I
		ARG 1 x
		ARG 2 y
		ARG 3 z
	METHOD getWaterLevel getWaterLevel ()F
	METHOD initTransient initTransient ()V
	METHOD isFree isFree (Lcom/mojang/minecraft/phys/AABB;)Z
		ARG 1 aabb
	METHOD isLightBlocker isLightBlocker (III)Z
		ARG 1 x
		ARG 2 y
		ARG 3 z
	METHOD isLit isLit (III)Z
		ARG 1 x
		ARG 2 y
		ARG 3 z
	METHOD isSolid isSolid (FFFF)Z
		ARG 1 x
		ARG 2 y
		ARG 3 z
		ARG 4 size
	METHOD isSolidTile isSolidTile (III)Z
		ARG 1 x
		ARG 2 y
		ARG 3 z
	METHOD isWater isWater (III)Z
		ARG 1 x
		ARG 2 y
		ARG 3 z
	METHOD maybeGrowTree maybeGrowTree (III)Z
		ARG 1 x
		ARG 2 y
		ARG 3 z
	METHOD netSetTile netSetTile (IIII)Z
		ARG 1 x
		ARG 2 y
		ARG 3 z
		ARG 4 type
	METHOD netSetTileNoNeighborChange netSetTileNoNeighborChange (IIII)Z
		ARG 1 x
		ARG 2 y
		ARG 3 z
		ARG 4 type
	METHOD playSound playSound (Ljava/lang/String;FFFFF)V
		ARG 1 name
		ARG 2 x
		ARG 3 y
		ARG 4 z
		ARG 5 volume
		ARG 6 pitch
	METHOD playSound playSound (Ljava/lang/String;Lcom/mojang/minecraft/Entity;FF)V
		ARG 1 name
		ARG 2 entity
		ARG 3 volume
		ARG 4 pitch
	METHOD removeEntity removeEntity (Lcom/mojang/minecraft/Entity;)V
		ARG 1 entity
	METHOD removeListener$74652038 removeListener (Lcom/mojang/minecraft/a/g;)V
		ARG 1 levelRenderer
	METHOD setData setData (III[B)V
		ARG 1 width
		ARG 2 depth
		ARG 3 height
		ARG 4 blocks
	METHOD setNetworkMode setNetworkMode (Z)V
		ARG 1 networkMode
	METHOD setSpawnPos setSpawnPos (IIIF)V
		ARG 1 x
		ARG 2 y
		ARG 3 z
		ARG 4 rot
	METHOD setTile setTile (IIII)Z
		ARG 1 x
		ARG 2 y
		ARG 3 z
		ARG 4 type
	METHOD setTileNoNeighborChange setTileNoNeighborChange (IIII)Z
		ARG 1 x
		ARG 2 y
		ARG 3 z
		ARG 4 type
	METHOD setTileNoUpdate setTileNoUpdate (IIII)Z
		ARG 1 x
		ARG 2 y
		ARG 3 z
		ARG 4 id
	METHOD swap swap (IIIIII)V
		ARG 1 x0
		ARG 2 y0
		ARG 3 z0
		ARG 4 x1
		ARG 5 y1
		ARG 6 z1
	METHOD tick tick ()V
	METHOD tickEntities tickEntities ()V
	METHOD updateNeighborsAt updateNeighborsAt (IIII)V
		ARG 1 x
		ARG 2 y
		ARG 3 z
		ARG 4 type
CLASS com/mojang/minecraft/a/a/a com/mojang/minecraft/renderer/animations/LavaAnimation
	FIELD d coefficientArray [F
	FIELD e resultArray [F
	FIELD f storageArray [F
	FIELD g tempValues [F
CLASS com/mojang/minecraft/a/a/b com/mojang/minecraft/renderer/animations/WaterAnimation
	FIELD d coefficientArray [F
	FIELD e resultArray [F
	FIELD f storageArray [F
	FIELD g tempValues [F
	FIELD h steps I
CLASS com/mojang/minecraft/a/a/c com/mojang/minecraft/renderer/animations/LiquidAnimation
	FIELD a colorArray [B
	FIELD b tex I
	FIELD c anaglyph Z
	METHOD <init> (I)V
		ARG 1 tex
	METHOD a step ()V
CLASS de/jarnbjo/vorbis/q de/jarnbjo/vorbis/SetupHeader
	FIELD a codeBook [Lde/jarnbjo/vorbis/m;
	FIELD b getFloors [Lde/jarnbjo/vorbis/g;
	FIELD c getResidues [Lde/jarnbjo/vorbis/n;
	FIELD d mappings [Lde/jarnbjo/vorbis/i;
	FIELD e modes [Lde/jarnbjo/vorbis/j;
	METHOD <init> (Lde/jarnbjo/vorbis/b;Lde/jarnbjo/a/a/a;)V
		ARG 1 vorbis
		ARG 2 source
CLASS de/jarnbjo/vorbis/r de/jarnbjo/vorbis/IdentificationHeader
	FIELD a getChannels I
	FIELD b sampleRate I
	FIELD c getBlockSize0 I
	FIELD d getBlockSize1 I
	FIELD e mdct [Lde/jarnbjo/vorbis/l;
	METHOD <init> (Lde/jarnbjo/a/a/a;)V
		ARG 1 source
CLASS de/jarnbjo/vorbis/o de/jarnbjo/vorbis/Residue0
CLASS com/mojang/minecraft/MinecraftApplet com/mojang/minecraft/MinecraftApplet
	FIELD canvas canvas Ljava/awt/Canvas;
	FIELD minecraft minecraft Lcom/mojang/minecraft/k;
	FIELD thread thread Ljava/lang/Thread;
	METHOD destroy destroy ()V
	METHOD init init ()V
	METHOD start start ()V
	METHOD startGameThread startGameThread ()V
	METHOD stop stop ()V
	METHOD stopGameThread stopGameThread ()V
	CLASS 1 Canvas
CLASS de/jarnbjo/vorbis/p de/jarnbjo/vorbis/Residue2
CLASS de/jarnbjo/vorbis/m de/jarnbjo/vorbis/CodeBook
	FIELD a huffmanRoot Lde/jarnbjo/a/a/b;
	FIELD b dimensions I
	FIELD c valueVector [[F
	FIELD d entries I
	FIELD e entryLengths [I
	METHOD <init> (Lde/jarnbjo/a/a/a;)V
		ARG 1 source
	METHOD a createHuffmanTree ([I)Z
		ARG 1 entryLengths
CLASS de/jarnbjo/ogg/b de/jarnbjo/ogg/OnDemandUrlStream
	FIELD a logicalStreams Ljava/util/HashMap;
	FIELD b source Ljava/net/URLConnection;
	FIELD c sourceStream Ljava/io/InputStream;
	FIELD d position I
	FIELD e firstPage Lde/jarnbjo/ogg/c;
	METHOD <init> (Ljava/net/URL;)V
		ARG 1 source
	METHOD a getNextOggPage ()Lde/jarnbjo/ogg/c;
CLASS com/mojang/minecraft/c/b com/mojang/minecraft/gui/Chat
	FIELD g editBox Ljava/lang/String;
	FIELD h cursorBlink I
CLASS de/jarnbjo/vorbis/n de/jarnbjo/vorbis/Residue
	FIELD a begin I
	FIELD b cascade [I
	FIELD c end I
	FIELD d partitionSize I
	FIELD e classifications I
	FIELD f classBook I
	FIELD g books [[I
	FIELD h looks Ljava/util/HashMap;
	METHOD <init> (Lde/jarnbjo/a/a/a;Lde/jarnbjo/vorbis/q;)V
		ARG 1 vorbis
		ARG 2 source
	METHOD a getBegin ()I
	METHOD a createInstance (Lde/jarnbjo/a/a/a;Lde/jarnbjo/vorbis/q;)Lde/jarnbjo/vorbis/n;
		ARG 0 source
		ARG 1 header
	METHOD a decodeResidue (Lde/jarnbjo/vorbis/b;Lde/jarnbjo/a/a/a;Lde/jarnbjo/vorbis/j;[Z[[F)V
		ARG 1 vorbis
		ARG 2 source
		ARG 3 mode
		ARG 4 doNotDecodeFlags
		ARG 5 vectors
	METHOD a getLook (Lde/jarnbjo/vorbis/b;Lde/jarnbjo/vorbis/j;)Lde/jarnbjo/vorbis/k;
		ARG 1 source
		ARG 2 key
	METHOD a fill (Lde/jarnbjo/vorbis/n;)V
		ARG 1 clone
	METHOD b getEnd ()I
	METHOD c getPartitionSize ()I
	METHOD d getClassifications ()I
	METHOD e getClassBook ()I
	METHOD f getCascade ()[I
	METHOD g getBooks ()[[I
CLASS de/jarnbjo/ogg/a de/jarnbjo/ogg/LogicalOggStream
	FIELD a source Lde/jarnbjo/ogg/b;
	FIELD b pageNumberMapping Ljava/util/ArrayList;
	FIELD c pageIndex I
	FIELD d currentPage Lde/jarnbjo/ogg/c;
	FIELD e currentSegmentIndex I
	METHOD <init> (Lde/jarnbjo/ogg/b;)V
		ARG 1 b
	METHOD a getNextOggPacket ()[B
	METHOD b getNextOggPage ()Lde/jarnbjo/ogg/c;
CLASS com/mojang/minecraft/c/a com/mojang/minecraft/gui/CreateLevel
	FIELD g oldGui Lcom/mojang/minecraft/c/n;
	FIELD h level Ljava/lang/String;
	FIELD j worldId I
	FIELD k editBox Ljava/lang/String;
	FIELD l cursorBlink I
	METHOD <init> (Lcom/mojang/minecraft/c/n;Ljava/lang/String;I)V
		ARG 1 oldGui
		ARG 2 worldName
		ARG 3 worldId
CLASS de/jarnbjo/vorbis/k de/jarnbjo/vorbis/Look
	FIELD a stages I
	FIELD b phraseBook Lde/jarnbjo/vorbis/m;
	FIELD c partbooks [[I
	FIELD d decodeMap [[I
	FIELD e parts I
	FIELD f fullbooks [Lde/jarnbjo/vorbis/m;
	FIELD g partvals I
	METHOD <init> (Lde/jarnbjo/vorbis/n;Lde/jarnbjo/vorbis/b;Lde/jarnbjo/vorbis/j;)V
		ARG 1 residue
		ARG 2 vorbis
		ARG 3 mode
CLASS com/mojang/minecraft/player/Player com/mojang/minecraft/player/Player
	FIELD MAX_HEALTH MAX_HEALTH I
	FIELD bob bob F
	FIELD input input Lcom/mojang/minecraft/player/a;
	FIELD inventory inventory Lcom/mojang/minecraft/player/d;
	FIELD oBob oBob F
	FIELD score score I
	FIELD userType userType B
	METHOD <init> (Lcom/mojang/minecraft/level/Level;Lcom/mojang/minecraft/player/a;)V
		ARG 1 level
		ARG 2 playerInput
	METHOD addResource addResource (I)Z
		ARG 1 id
	METHOD getModel getModel ()Lcom/mojang/minecraft/d/h;
	METHOD getScore getScore ()I
	METHOD releaseAllKeys releaseAllKeys ()V
	METHOD setKey setKey (IZ)V
		ARG 1 keyId
		ARG 2 state
CLASS com/mojang/minecraft/c/d com/mojang/minecraft/gui/MenuItem
	FIELD a width I
	FIELD b height I
	FIELD c x I
	FIELD d y I
	FIELD e label Ljava/lang/String;
	FIELD f id I
	FIELD g active Z
	FIELD h isButton Z
	METHOD <init> (IIIIILjava/lang/String;)V
		ARG 1 id
		ARG 2 x
		ARG 3 y
		ARG 4 w
		ARG 5 h
		ARG 6 label
	METHOD <init> (IIILjava/lang/String;)V
		ARG 1 id
		ARG 2 x
		ARG 3 y
		ARG 4 label
CLASS de/jarnbjo/vorbis/l de/jarnbjo/vorbis/MdctFloat
	FIELD a n I
	FIELD b log2n I
	FIELD c trig [F
	FIELD d bitrev [I
	FIELD e dtmp1 F
	FIELD f dtmp2 F
	FIELD g dtmp3 F
	FIELD h dtmp4 F
	FIELD i _x [F
	FIELD j _w [F
	METHOD <init> (I)V
		ARG 1 n
	METHOD a imdct ([F[F[I)V
		ARG 1 frq
		ARG 2 window
		ARG 3 pcm
CLASS de/jarnbjo/ogg/c de/jarnbjo/ogg/OggPage
	FIELD a continued Z
	FIELD b eos Z
	FIELD c streamSerialNumber I
	FIELD d segmentOffsets [I
	FIELD e segmentLengths [I
	FIELD f segmentTable [B
	FIELD g data [B
	FIELD h totalLength I
	METHOD <init> (ZZZJIII[I[II[B[B[B)V
		ARG 1 continued
		ARG 2 bos
		ARG 3 eos
		ARG 4 absoluteGranulePosition
		ARG 6 streamSerialNumber
		ARG 7 pageSequenceNumber
		ARG 8 pageCheckSum
		ARG 9 segmentOffsets
		ARG 10 segmentLengths
		ARG 11 totalLength
		ARG 13 segmentTable
		ARG 14 data
	METHOD a getTotalLength ()I
	METHOD a create (Ljava/io/InputStream;)Lde/jarnbjo/ogg/c;
		ARG 0 source
	METHOD a readFully (Ljava/io/InputStream;[B)V
		ARG 0 source
		ARG 1 buffer
	METHOD a create (Ljava/lang/Object;Z)Lde/jarnbjo/ogg/c;
		ARG 0 source
		ARG 1 skipData
CLASS com/mojang/minecraft/c/c com/mojang/minecraft/gui/Controls
	FIELD g oldGui Lcom/mojang/minecraft/c/n;
	FIELD h label Ljava/lang/String;
	FIELD j data Lcom/mojang/minecraft/j;
	FIELD k controlToSet I
	METHOD <init> (Lcom/mojang/minecraft/c/n;Lcom/mojang/minecraft/j;)V
		ARG 1 oldGui
		ARG 2 data
CLASS de/jarnbjo/vorbis/i de/jarnbjo/vorbis/Mapping
	METHOD a getAngles ()[I
	METHOD a createInstance (Lde/jarnbjo/vorbis/b;Lde/jarnbjo/a/a/a;Lde/jarnbjo/vorbis/q;)Lde/jarnbjo/vorbis/i;
		ARG 0 vorbis
		ARG 1 source
		ARG 2 header
	METHOD b getMagnitudes ()[I
	METHOD c getMux ()[I
	METHOD d getSubmapFloors ()[I
	METHOD e getSubmapResidues ()[I
	METHOD f getCouplingSteps ()I
	METHOD g getSubmaps ()I
CLASS com/mojang/minecraft/c/f com/mojang/minecraft/gui/WorldSize
	FIELD g oldGui Lcom/mojang/minecraft/c/n;
	METHOD <init> (Lcom/mojang/minecraft/c/n;)V
		ARG 1 oldGui
CLASS de/jarnbjo/vorbis/j de/jarnbjo/vorbis/Mode
	FIELD a getBlockFlag Z
	FIELD b getMapping I
	FIELD c windowType I
	FIELD d transformType I
	METHOD <init> (Lde/jarnbjo/a/a/a;Lde/jarnbjo/vorbis/q;)V
		ARG 1 source
		ARG 2 header
CLASS com/mojang/minecraft/c/e com/mojang/minecraft/gui/Options
	FIELD g oldGui Lcom/mojang/minecraft/c/n;
	FIELD h label Ljava/lang/String;
	FIELD j data Lcom/mojang/minecraft/j;
	METHOD <init> (Lcom/mojang/minecraft/c/n;Lcom/mojang/minecraft/j;)V
		ARG 1 oldGui
		ARG 2 data
CLASS de/jarnbjo/vorbis/g de/jarnbjo/vorbis/Floor
	FIELD a DB_STATIC_TABLE [F
	METHOD a createInstance (Lde/jarnbjo/a/a/a;Lde/jarnbjo/vorbis/q;)Lde/jarnbjo/vorbis/g;
		ARG 0 source
		ARG 1 header
	METHOD a decodeFloor (Lde/jarnbjo/vorbis/b;Lde/jarnbjo/a/a/a;)Lde/jarnbjo/vorbis/g;
		ARG 1 vorbis
		ARG 2 source
	METHOD a computeFloor ([F)V
		ARG 1 vector
CLASS com/mojang/minecraft/mob/Mob com/mojang/minecraft/mob/Mob
	FIELD ATTACK_DURATION ATTACK_DURATION I
	FIELD TOTAL_AIR_SUPPLY TOTAL_AIR_SUPPLY I
	FIELD ai ai Lcom/mojang/minecraft/mob/a/a;
	FIELD airSupply airSupply I
	FIELD allowAlpha allowAlpha Z
	FIELD animStep animStep F
	FIELD animStepO animStepO F
	FIELD attackTime attackTime I
	FIELD dead dead Z
	FIELD deathTime deathTime I
	FIELD hasHair hasHair Z
	FIELD health health I
	FIELD hurtDir hurtDir F
	FIELD hurtDuration hurtDuration I
	FIELD hurtTime hurtTime I
	FIELD invulnerableDuration invulnerableDuration I
	FIELD invulnerableTime invulnerableTime I
	FIELD lastHealth lastHealth I
	FIELD model model Lcom/mojang/minecraft/d/a;
	FIELD oRun oRun F
	FIELD oTilt oTilt F
	FIELD rotA rotA F
	FIELD rot rot F
	FIELD rotOffs rotOffs F
	FIELD run run F
	FIELD speed speed F
	FIELD textureName textureName Ljava/lang/String;
	FIELD tickCount tickCount I
	FIELD tilt tilt F
	FIELD timeOffs timeOffs F
	FIELD yBodyRot yBodyRot F
	FIELD yBodyRotO yBodyRotO F
	METHOD aiStep aiStep ()V
	METHOD bindTexture$4211e026 bindTexture (Lcom/mojang/minecraft/a/a;)V
		ARG 1 textures
	METHOD die die (Lcom/mojang/minecraft/Entity;)V
		ARG 1 entity
	METHOD heal heal (I)V
		ARG 1 health
	METHOD knockback knockback (Lcom/mojang/minecraft/Entity;IFF)V
		ARG 1 entity
		ARG 2 danage
		ARG 3 xo
		ARG 4 zo
	METHOD renderModel$f1c6c5a renderModel (Lcom/mojang/minecraft/a/a;FFFFFF)V
		ARG 1 textures
		ARG 2 time
		ARG 3 armSwaySpeed
		ARG 4 animationSpeed
		ARG 5 headYRot
		ARG 6 headXRot
		ARG 7 scale
	METHOD travel travel (FF)V
		ARG 1 xo
		ARG 2 zo
CLASS com/mojang/minecraft/c/h com/mojang/minecraft/gui/ControlMenuItem
CLASS de/jarnbjo/vorbis/h de/jarnbjo/vorbis/Util
	METHOD a ilog (I)I
		ARG 0 x
	METHOD a renderLine (IIII[F)V
		ARG 0 x0
		ARG 1 y0
		ARG 2 x1
		ARG 3 y1
		ARG 4 v
	METHOD a lowNeighbour ([II)I
		ARG 0 v
		ARG 1 x
	METHOD b float32unpack (I)F
		ARG 0 x
	METHOD b highNeighbour ([II)I
		ARG 0 v
		ARG 1 x
CLASS com/mojang/minecraft/c/g com/mojang/minecraft/gui/GuiRenderer
	FIELD i z F
	METHOD a drawButton (IIIII)V
		ARG 0 left
		ARG 1 top
		ARG 2 right
		ARG 3 bottom
		ARG 4 color
	METHOD a renderBackground (IIIIII)V
		ARG 0 left
		ARG 1 top
		ARG 2 right
		ARG 3 bottom
		ARG 4 color0
		ARG 5 color1
	METHOD a renderTextCentered (Lcom/mojang/minecraft/c/k;Ljava/lang/String;III)V
		ARG 0 font
		ARG 1 text
		ARG 2 x
		ARG 3 y
		ARG 4 color
	METHOD b drawButtonGraphic (IIIIII)V
		ARG 1 x
		ARG 2 y
		ARG 3 u
		ARG 4 v
		ARG 5 w
		ARG 6 h
	METHOD b renderText (Lcom/mojang/minecraft/c/k;Ljava/lang/String;III)V
		ARG 0 font
		ARG 1 text
		ARG 2 x
		ARG 3 y
		ARG 4 color
CLASS de/jarnbjo/vorbis/e de/jarnbjo/vorbis/Floor1
	FIELD b partitionClassList [I
	FIELD c maximumClass I
	FIELD d multiplier I
	FIELD e rangeBits I
	FIELD f classDimensions [I
	FIELD g classSubclasses [I
	FIELD h classMasterbooks [I
	FIELD i subclassBooks [[I
	FIELD j xList [I
	FIELD k yList [I
	FIELD l lowNeighbours [I
	FIELD m highNeighbours [I
	FIELD n RANGES [I
	METHOD <init> (Lde/jarnbjo/a/a/a;Lde/jarnbjo/vorbis/q;)V
		ARG 1 source
		ARG 2 header
CLASS com/mojang/minecraft/c/j com/mojang/minecraft/gui/SaveLevel
CLASS de/jarnbjo/vorbis/f de/jarnbjo/vorbis/AudioPacket
	FIELD a modeNumber I
	FIELD b mode Lde/jarnbjo/vorbis/j;
	FIELD c mapping Lde/jarnbjo/vorbis/i;
	FIELD d n I
	FIELD e blockFlag Z
	FIELD f previousWindowFlag Z
	FIELD g nextWindowFlag Z
	FIELD h windowCenter I
	FIELD i leftWindowStart I
	FIELD j leftWindowEnd I
	FIELD k leftN I
	FIELD l rightWindowStart I
	FIELD m rightN I
	FIELD n window [F
	FIELD o pcm [[F
	FIELD p pcmInt [[I
	FIELD q channelFloors [Lde/jarnbjo/vorbis/g;
	FIELD r noResidues [Z
	FIELD s windows [[F
	METHOD <init> (Lde/jarnbjo/vorbis/b;Lde/jarnbjo/a/a/a;)V
		ARG 1 vorbis
		ARG 2 source
	METHOD a getNumberOfSamples ()I
	METHOD a getPcm (Lde/jarnbjo/vorbis/f;[B)V
		ARG 1 previousPacket
		ARG 2 buffer
	METHOD b getComputedWindow ()[F
CLASS com/mojang/minecraft/c/i com/mojang/minecraft/gui/ErrorMenu
	FIELD g header Ljava/lang/String;
	FIELD h message Ljava/lang/String;
	METHOD <init> (Ljava/lang/String;Ljava/lang/String;)V
		ARG 1 header
		ARG 2 message
CLASS de/jarnbjo/vorbis/c de/jarnbjo/vorbis/Floor0
	FIELD b bookList [I
	METHOD <init> (Lde/jarnbjo/a/a/a;Lde/jarnbjo/vorbis/q;)V
		ARG 1 source
		ARG 2 header
CLASS com/mojang/minecraft/c/l com/mojang/minecraft/gui/PlayerGui
	FIELD a chatMessages Ljava/util/List;
	FIELD b selectedPlayer Ljava/lang/String;
	FIELD c seed I
	FIELD d random Ljava/util/Random;
	FIELD e client Lcom/mojang/minecraft/k;
	FIELD f screenWidth I
	FIELD g screenHeight I
	METHOD <init> (Lcom/mojang/minecraft/k;II)V
		ARG 1 client
		ARG 2 width
		ARG 3 height
	METHOD a render (FZII)V
		ARG 1 timer
		ARG 2 hasGui
		ARG 3 mouseX
		ARG 4 mouseY
	METHOD a addChatMessage (Ljava/lang/String;)V
		ARG 1 message
CLASS de/jarnbjo/vorbis/d de/jarnbjo/vorbis/CommentHeader
	FIELD a comments Ljava/util/HashMap;
	METHOD <init> (Lde/jarnbjo/a/a/a;)V
		ARG 1 source
	METHOD a getString (Lde/jarnbjo/a/a/a;)Ljava/lang/String;
		ARG 0 source
CLASS com/mojang/minecraft/c/k com/mojang/minecraft/gui/Font
	FIELD a sourceName [I
	FIELD b fontTexture I
	METHOD <init> (Ljava/lang/String;Lcom/mojang/minecraft/a/a;)V
		ARG 1 sourceName
		ARG 2 textures
	METHOD a stringWidth (Ljava/lang/String;)I
		ARG 1 str
	METHOD a writeToScreen (Ljava/lang/String;III)V
		ARG 1 text
		ARG 2 x
		ARG 3 y
		ARG 4 color
	METHOD a writeToScreen (Ljava/lang/String;IIIZ)V
		ARG 1 text
		ARG 2 x
		ARG 3 y
		ARG 4 color
		ARG 5 darken
	METHOD b cleanString (Ljava/lang/String;)Ljava/lang/String;
		ARG 0 str
	METHOD b writeToScreenNoShadow (Ljava/lang/String;III)V
		ARG 1 text
		ARG 2 x
		ARG 3 y
		ARG 4 color
CLASS de/jarnbjo/vorbis/a de/jarnbjo/vorbis/Mapping0
	FIELD a magnitudes [I
	FIELD b angles [I
	FIELD c mux [I
	FIELD d submapFloors [I
	FIELD e submapResidues [I
	METHOD <init> (Lde/jarnbjo/vorbis/b;Lde/jarnbjo/a/a/a;Lde/jarnbjo/vorbis/q;)V
		ARG 1 vorbis
		ARG 2 source
		ARG 3 header
CLASS com/mojang/minecraft/c/n com/mojang/minecraft/gui/BaseGui
	FIELD a client Lcom/mojang/minecraft/k;
	FIELD b screenWidth I
	FIELD c screenHeight I
	FIELD d menuItems Ljava/util/List;
	FIELD e useMouse Z
	FIELD f font Lcom/mojang/minecraft/c/k;
	METHOD a loadGui ()V
	METHOD a keyPressed (CI)V
		ARG 1 keyChar
		ARG 2 keyId
	METHOD a render (II)V
		ARG 1 mouseX
		ARG 2 mouseY
	METHOD a handleMouse (III)V
		ARG 1 mouseX
		ARG 2 mouseY
		ARG 3 mouseButton
	METHOD a btnClicked (Lcom/mojang/minecraft/c/d;)V
		ARG 1 btn
	METHOD a loadGui (Lcom/mojang/minecraft/k;II)V
		ARG 1 client
		ARG 2 width
		ARG 3 height
	METHOD b refresh ()V
	METHOD c advanceTime ()V
	METHOD d handleInputs ()V
	METHOD e handleMouse ()V
	METHOD f handleKeyboard ()V
CLASS de/jarnbjo/vorbis/b de/jarnbjo/vorbis/VorbisStream
	FIELD a getIdentificationHeader Lde/jarnbjo/vorbis/r;
	FIELD b setupHeader Lde/jarnbjo/vorbis/q;
	FIELD c oggStream Lde/jarnbjo/ogg/a;
	FIELD d commentHeader Lde/jarnbjo/vorbis/d;
	FIELD e lastAudioPacket Lde/jarnbjo/vorbis/f;
	FIELD f currentPcm [B
	FIELD g currentPcmIndex I
	FIELD h currentPcmLimit I
	FIELD i streamLock Ljava/lang/Object;
	FIELD j pageCounter I
	FIELD k currentGranulePosition J
	METHOD <init> (Lde/jarnbjo/ogg/a;)V
		ARG 1 oggStream
	METHOD a getNextAudioPacket ()Lde/jarnbjo/vorbis/f;
	METHOD a readPcm ([BII)I
		ARG 1 buffer
		ARG 2 offset
		ARG 3 length
CLASS com/mojang/minecraft/c/m com/mojang/minecraft/gui/PauseMenu
CLASS com/mojang/minecraft/c/p com/mojang/minecraft/gui/GameOver
CLASS com/mojang/minecraft/c/o com/mojang/minecraft/gui/LoadLevel
	FIELD g label Ljava/lang/String;
	FIELD h oldGui Lcom/mojang/minecraft/c/n;
	FIELD j loaded Z
	FIELD k loadedWorlds Z
	FIELD l worlds [Ljava/lang/String;
	FIELD m extraLabel Ljava/lang/String;
	METHOD <init> (Lcom/mojang/minecraft/c/n;)V
		ARG 1 oldGui
	METHOD a uponLoading (I)V
		ARG 1 worldId
	METHOD a loadButtonInfo ([Ljava/lang/String;)V
		ARG 1 worlds
	METHOD run run ()V
CLASS de/jarnbjo/ogg/EndOfOggStreamException de/jarnbjo/ogg/EndOfOggStreamException
CLASS com/mojang/minecraft/StopGameException com/mojang/minecraft/StopGameException
CLASS com/mojang/minecraft/net/NetworkPlayer com/mojang/minecraft/net/NetworkPlayer
	FIELD a loadedTexture I
	FIELD displayName displayName Ljava/lang/String;
	FIELD minecraft minecraft Lcom/mojang/minecraft/k;
	FIELD moveQueue moveQueue Ljava/util/List;
	FIELD name name Ljava/lang/String;
	FIELD newTexture newTexture Ljava/awt/image/BufferedImage;
	FIELD textures$7a7c7041 textures Lcom/mojang/minecraft/a/a;
	FIELD xp xp I
	FIELD yp yp I
	FIELD zp zp I
	METHOD <init> (Lcom/mojang/minecraft/k;ILjava/lang/String;IIIFF)V
		ARG 1 client
		ARG 2 playerHandle
		ARG 3 name
		ARG 4 xp
		ARG 5 yp
		ARG 6 zp
		ARG 7 yRot
		ARG 8 xRot
	METHOD clear clear ()V
	METHOD queue queue (BBB)V
		ARG 1 x
		ARG 2 y
		ARG 3 z
	METHOD queue queue (BBBFF)V
		ARG 1 x
		ARG 2 y
		ARG 3 z
		ARG 4 yRot
		ARG 5 zRot
	METHOD queue queue (FF)V
		ARG 1 yRot
		ARG 2 xRot
	METHOD teleport teleport (SSSFF)V
		ARG 1 x
		ARG 2 y
		ARG 3 z
		ARG 4 yRot
		ARG 5 xRot
CLASS com/mojang/minecraft/level/b/a com/mojang/minecraft/level/types/TileType
	FIELD a Normal Lcom/mojang/minecraft/level/b/a;
	FIELD b Water Lcom/mojang/minecraft/level/b/a;
	FIELD c Lava Lcom/mojang/minecraft/level/b/a;
	FIELD d types [Lcom/mojang/minecraft/level/b/a;
	METHOD <init> (I)V
		ARG 1 type
CLASS com/mojang/minecraft/d/a com/mojang/minecraft/entityRenderer/EntityModel
	FIELD a timer F
	METHOD a render (FFFFFF)V
		ARG 1 time
		ARG 2 animationSpeed
		ARG 3 armSwaySpeed
		ARG 4 headYRot
		ARG 5 headXRot
		ARG 6 scale
CLASS com/mojang/minecraft/item/Sign com/mojang/minecraft/item/Sign
	FIELD a model Lcom/mojang/minecraft/item/a;
	FIELD font font Lcom/mojang/minecraft/c/k;
	FIELD messages messages [Ljava/lang/String;
	FIELD rot rot F
	FIELD xd xd F
	FIELD yd yd F
	FIELD zd zd F
	METHOD <init> (Lcom/mojang/minecraft/k;FFFF)V
		ARG 1 client
		ARG 2 x
		ARG 3 y
		ARG 4 z
		ARG 5 rot
CLASS com/mojang/minecraft/d/c com/mojang/minecraft/entityRenderer/PlayerModel
	METHOD <init> (F)V
		ARG 1 expand
CLASS com/mojang/minecraft/d/b com/mojang/minecraft/entityRenderer/Vec3
	FIELD a x F
	FIELD b y F
	FIELD c z F
	METHOD <init> (FFF)V
		ARG 1 x
		ARG 2 y
		ARG 3 z
	METHOD a normalize ()Lcom/mojang/minecraft/d/b;
	METHOD a add (FFF)Lcom/mojang/minecraft/d/b;
		ARG 1 xa
		ARG 2 ya
		ARG 3 za
	METHOD a subtract (Lcom/mojang/minecraft/d/b;)Lcom/mojang/minecraft/d/b;
		ARG 1 factor
CLASS com/mojang/minecraft/d/e com/mojang/minecraft/entityRenderer/ZombieModel
CLASS com/mojang/minecraft/d/d com/mojang/minecraft/entityRenderer/CreeperModel
	FIELD b head Lcom/mojang/minecraft/d/j;
	FIELD c headLayer Lcom/mojang/minecraft/d/j;
	FIELD d body Lcom/mojang/minecraft/d/j;
	FIELD e frontLeftLeg Lcom/mojang/minecraft/d/j;
	FIELD f frontRightLeg Lcom/mojang/minecraft/d/j;
	FIELD g backLeftLeg Lcom/mojang/minecraft/d/j;
	FIELD h backRightLeg Lcom/mojang/minecraft/d/j;
CLASS com/mojang/minecraft/d/g com/mojang/minecraft/entityRenderer/Polygon
	FIELD a vertices [Lcom/mojang/minecraft/d/i;
	METHOD <init> ([Lcom/mojang/minecraft/d/i;)V
		ARG 1 vertices
	METHOD <init> ([Lcom/mojang/minecraft/d/i;FFFF)V
		ARG 1 vertices
		ARG 2 u0
		ARG 3 v0
		ARG 4 u1
		ARG 5 v1
	METHOD <init> ([Lcom/mojang/minecraft/d/i;IIII)V
		ARG 1 vertices
		ARG 2 u0
		ARG 3 v0
		ARG 4 u1
		ARG 5 v1
CLASS com/mojang/minecraft/mob/Skeleton com/mojang/minecraft/mob/Skeleton
	FIELD a model Lcom/mojang/minecraft/d/h;
CLASS com/mojang/minecraft/d/f com/mojang/minecraft/entityRenderer/SkeletonModel
CLASS com/mojang/minecraft/d/i com/mojang/minecraft/entityRenderer/Vertex
	FIELD a pos Lcom/mojang/minecraft/d/b;
	FIELD b u F
	FIELD c v F
	METHOD <init> (FFFFF)V
		ARG 1 x
		ARG 2 y
		ARG 3 z
		ARG 4 u
		ARG 5 v
	METHOD <init> (Lcom/mojang/minecraft/d/b;FF)V
		ARG 1 pos
		ARG 2 u
		ARG 3 v
	METHOD <init> (Lcom/mojang/minecraft/d/i;FF)V
		ARG 1 vertex
		ARG 2 u
		ARG 3 v
	METHOD a remap (FF)Lcom/mojang/minecraft/d/i;
		ARG 1 u
		ARG 2 v
CLASS com/mojang/minecraft/d/h com/mojang/minecraft/entityRenderer/HumanoidModel
	FIELD b head Lcom/mojang/minecraft/d/j;
	FIELD c headLayer Lcom/mojang/minecraft/d/j;
	FIELD d body Lcom/mojang/minecraft/d/j;
	FIELD e arm0 Lcom/mojang/minecraft/d/j;
	FIELD f arm1 Lcom/mojang/minecraft/d/j;
	FIELD g leg0 Lcom/mojang/minecraft/d/j;
	FIELD h leg1 Lcom/mojang/minecraft/d/j;
	METHOD <init> (F)V
		ARG 1 expand
	METHOD b update (FFFFFF)V
		ARG 1 time
		ARG 2 animationSpeed
		ARG 3 armSwaySpeed
		ARG 4 headYRot
		ARG 5 headXRot
		ARG 6 scale
CLASS com/mojang/minecraft/d/k com/mojang/minecraft/entityRenderer/PigModel
	FIELD b head Lcom/mojang/minecraft/d/j;
	FIELD c body Lcom/mojang/minecraft/d/j;
	FIELD d frontLeftLeg Lcom/mojang/minecraft/d/j;
	FIELD e frontRightLeg Lcom/mojang/minecraft/d/j;
	FIELD f backLeftLeg Lcom/mojang/minecraft/d/j;
	FIELD g backRightLeg Lcom/mojang/minecraft/d/j;
CLASS com/mojang/minecraft/d/j com/mojang/minecraft/entityRenderer/Cube
	FIELD a vertices [Lcom/mojang/minecraft/d/i;
	FIELD b polygons [Lcom/mojang/minecraft/d/g;
	FIELD c xRot F
	FIELD d yRot F
	FIELD e zRot F
	FIELD f compiled Z
	FIELD g list I
	FIELD h flip Z
	FIELD i doRender Z
	FIELD j dontRender Z
	FIELD k xTexOffs I
	FIELD l yTexOffs I
	FIELD m x F
	FIELD n y F
	FIELD o z F
	METHOD <init> (II)V
		ARG 1 xTexOffs
		ARG 2 yTexOffs
	METHOD a render (F)V
		ARG 1 scale
	METHOD a setPos (FFF)V
		ARG 1 x
		ARG 2 y
		ARG 3 z
	METHOD a addBox (FFFIIIF)V
		ARG 1 x0
		ARG 2 y0
		ARG 3 z0
		ARG 4 w
		ARG 5 d
		ARG 6 h
		ARG 7 expand
	METHOD b compile (F)V
		ARG 1 scale
CLASS com/mojang/minecraft/mob/a/a com/mojang/minecraft/mob/controllers/EntityController
	FIELD a rot I
	METHOD a explode ()V
	METHOD a tick (Lcom/mojang/minecraft/level/Level;Lcom/mojang/minecraft/mob/Mob;)V
		ARG 1 level
		ARG 2 mob
CLASS com/mojang/minecraft/item/TakeItemAnim com/mojang/minecraft/item/TakeItemAnim
	FIELD item item Lcom/mojang/minecraft/item/Item;
	FIELD player player Lcom/mojang/minecraft/Entity;
	FIELD time time I
	FIELD xorg xorg F
	FIELD yorg yorg F
	FIELD zorg zorg F
	METHOD <init> (Lcom/mojang/minecraft/level/Level;Lcom/mojang/minecraft/item/Item;Lcom/mojang/minecraft/Entity;)V
		ARG 1 level
		ARG 2 item
		ARG 3 entity
CLASS com/mojang/minecraft/mob/a/b com/mojang/minecraft/mob/controllers/HostileController
CLASS com/mojang/minecraft/mob/a/c com/mojang/minecraft/mob/controllers/MobController
	FIELD b random Ljava/util/Random;
	FIELD c xd F
	FIELD d zd F
	FIELD e level Lcom/mojang/minecraft/level/Level;
	FIELD f mob Lcom/mojang/minecraft/mob/Mob;
	FIELD g jump Z
	FIELD h yd F
	FIELD i attackCooldown I
	METHOD a detectEntity (Lcom/mojang/minecraft/Entity;)V
		ARG 1 entity
	METHOD b calculateInputs ()V
	METHOD b attack (Lcom/mojang/minecraft/Entity;)V
		ARG 1 entity
CLASS com/mojang/a/a com/mojang/network/PacketHandler
	FIELD a connected Z
	FIELD b socketChannel Ljava/nio/channels/SocketChannel;
	FIELD c receiveData Ljava/nio/ByteBuffer;
	FIELD d blastData Ljava/nio/ByteBuffer;
	FIELD e connectedServer Lcom/mojang/minecraft/net/c;
	FIELD f socket Ljava/net/Socket;
	FIELD g unused Z
	FIELD h stringBuffer [B
	METHOD <init> (Ljava/lang/String;I)V
		ARG 1 ip
		ARG 2 port
	METHOD a disconnect ()V
	METHOD a sendPacket (Lcom/mojang/minecraft/net/a;[Ljava/lang/Object;)V
		ARG 1 packet
		ARG 2 packetData
	METHOD a getParameter (Ljava/lang/Class;)Ljava/lang/Object;
		ARG 1 type
CLASS com/mojang/minecraft/player/c com/mojang/minecraft/player/PlayerController
	FIELD d inputs [Z
	FIELD e controls Lcom/mojang/minecraft/j;
	METHOD <init> (Lcom/mojang/minecraft/j;)V
		ARG 1 controls
CLASS com/mojang/minecraft/player/d com/mojang/minecraft/player/Hotbar
	FIELD a slots [I
	FIELD b itemCounts [I
	FIELD c incrementAnimations [I
	FIELD d selectedSlot I
	METHOD a getCurrentTile ()I
	METHOD a getTileSlot (I)I
		ARG 1 id
	METHOD b onScroll (I)V
		ARG 1 scrollDelta
	METHOD c useItem (I)Z
		ARG 1 id
CLASS de/jarnbjo/ogg/OggFormatException de/jarnbjo/ogg/OggFormatException
	METHOD <init> (Ljava/lang/String;)V
		ARG 1 message
CLASS com/mojang/minecraft/player/a com/mojang/minecraft/player/PlayerInput
	FIELD a xa F
	FIELD b za F
	FIELD c jump Z
	METHOD a tick ()V
	METHOD a onInput (IZ)V
		ARG 1 keyId
		ARG 2 state
	METHOD b clearInputs ()V
CLASS com/mojang/minecraft/player/b com/mojang/minecraft/player/PlayerEntityController
	FIELD h playerInput Lcom/mojang/minecraft/player/a;
	METHOD <init> (Lcom/mojang/minecraft/player/Player;Lcom/mojang/minecraft/player/a;)V
		ARG 1 player
		ARG 2 playerInput
CLASS com/mojang/minecraft/phys/AABB com/mojang/minecraft/phys/AABB
	FIELD epsilon epsilon F
	FIELD serialVersionUID serialVersionUID J
	FIELD x0 x0 F
	FIELD x1 x1 F
	FIELD y0 y0 F
	FIELD y1 y1 F
	FIELD z0 z0 F
	FIELD z1 z1 F
	METHOD <init> (FFFFFF)V
		ARG 1 x0
		ARG 2 y0
		ARG 3 z0
		ARG 4 x1
		ARG 5 y1
		ARG 6 z1
	METHOD clipXCollide clipXCollide (Lcom/mojang/minecraft/phys/AABB;F)F
		ARG 1 aabb
		ARG 2 xa
	METHOD clipYCollide clipYCollide (Lcom/mojang/minecraft/phys/AABB;F)F
		ARG 1 aabb
		ARG 2 ya
	METHOD clipZCollide clipZCollide (Lcom/mojang/minecraft/phys/AABB;F)F
		ARG 1 aabb
		ARG 2 za
	METHOD cloneMove cloneMove (FFF)Lcom/mojang/minecraft/phys/AABB;
		ARG 1 x
		ARG 2 y
		ARG 3 z
	METHOD contains contains (Lcom/mojang/minecraft/d/b;)Z
		ARG 1 pos
	METHOD expand expand (FFF)Lcom/mojang/minecraft/phys/AABB;
		ARG 1 xa
		ARG 2 ya
		ARG 3 za
	METHOD grow grow (FFF)Lcom/mojang/minecraft/phys/AABB;
		ARG 1 xa
		ARG 2 ya
		ARG 3 za
	METHOD intersects intersects (FFFFFF)Z
		ARG 1 x0
		ARG 2 y0
		ARG 3 z0
		ARG 4 x1
		ARG 5 y1
		ARG 6 z1
	METHOD intersects intersects (Lcom/mojang/minecraft/phys/AABB;)Z
		ARG 1 aabb
	METHOD move move (FFF)V
		ARG 1 xa
		ARG 2 ya
		ARG 3 za
	METHOD render render ()V
CLASS com/mojang/minecraft/level/b com/mojang/minecraft/level/BlockMap
	FIELD a width I
	FIELD b depth I
	FIELD c height I
	FIELD d startChunk Lcom/mojang/minecraft/level/c;
	FIELD e endChunk Lcom/mojang/minecraft/level/c;
	FIELD f chunkEntities [Ljava/util/List;
	FIELD g entities Ljava/util/List;
	FIELD h results Ljava/util/List;
	METHOD <init> (III)V
		ARG 1 width
		ARG 2 depth
		ARG 3 height
	METHOD a getEntitiesInRange (Lcom/mojang/minecraft/Entity;FFFFFFLjava/util/List;)Ljava/util/List;
		ARG 1 entity
		ARG 2 x0
		ARG 3 y0
		ARG 4 z0
		ARG 5 x1
		ARG 6 y1
		ARG 7 z1
		ARG 8 results
	METHOD a findEntities (Lcom/mojang/minecraft/Entity;Lcom/mojang/minecraft/phys/AABB;)Ljava/util/List;
		ARG 1 entity
		ARG 2 aabb
	METHOD a render (Lcom/mojang/minecraft/a/e;Lcom/mojang/minecraft/a/a;F)V
		ARG 1 frustum
		ARG 2 textures
		ARG 3 scale
CLASS com/mojang/minecraft/level/c com/mojang/minecraft/level/BlockMapChunk
	FIELD a x I
	FIELD b y I
	FIELD c z I
	FIELD d blockMap Lcom/mojang/minecraft/level/b;
	METHOD <init> (Lcom/mojang/minecraft/level/b;)V
		ARG 1 blockMap
	METHOD a chunkFromPosition (FFF)Lcom/mojang/minecraft/level/c;
		ARG 1 x
		ARG 2 y
		ARG 3 z
	METHOD a addEntity (Lcom/mojang/minecraft/Entity;)V
		ARG 1 entity
	METHOD b removeEntity (Lcom/mojang/minecraft/Entity;)V
		ARG 1 entity
CLASS com/mojang/minecraft/a/b com/mojang/minecraft/renderer/ChunkSorter1
	FIELD a player Lcom/mojang/minecraft/player/Player;
	METHOD <init> (Lcom/mojang/minecraft/player/Player;)V
		ARG 1 player
CLASS com/mojang/minecraft/a/a com/mojang/minecraft/renderer/Textures
	FIELD a idMap Ljava/util/HashMap;
	FIELD b skinIdMap Ljava/util/HashMap;
	FIELD c texture Ljava/nio/IntBuffer;
	FIELD d colorArray Ljava/nio/ByteBuffer;
	FIELD e animations Ljava/util/List;
	FIELD f optionsData Lcom/mojang/minecraft/j;
	METHOD <init> (Lcom/mojang/minecraft/j;)V
		ARG 1 optionsData
	METHOD a addAnimation (Lcom/mojang/minecraft/a/a/c;)V
		ARG 1 animation
	METHOD a loadTexture (Ljava/awt/image/BufferedImage;)Ljava/awt/image/BufferedImage;
		ARG 0 image
	METHOD a loadTexture (Ljava/awt/image/BufferedImage;I)V
		ARG 1 image
		ARG 2 bind
	METHOD a loadTexture (Ljava/lang/String;)I
		ARG 1 resourceName
CLASS com/mojang/minecraft/mob/QuadrupedMob com/mojang/minecraft/mob/QuadrupedMob
	FIELD a model Lcom/mojang/minecraft/d/k;
	METHOD <init> (Lcom/mojang/minecraft/level/Level;FFF)V
		ARG 1 level
		ARG 2 x
		ARG 3 y
		ARG 4 z
CLASS com/mojang/minecraft/level/a com/mojang/minecraft/level/LevelOnline
	FIELD a loadingScreen Lcom/mojang/minecraft/h;
	METHOD <init> (Lcom/mojang/minecraft/h;)V
		ARG 1 loadingScreen
	METHOD a save (Lcom/mojang/minecraft/level/Level;Ljava/io/OutputStream;)V
		ARG 0 level
		ARG 1 data
	METHOD a saveWorldOnline (Lcom/mojang/minecraft/level/Level;Ljava/lang/String;Ljava/lang/String;Ljava/lang/String;Ljava/lang/String;I)Z
		ARG 1 level
		ARG 2 url
		ARG 3 username
		ARG 4 id
		ARG 5 worldName
		ARG 6 worldId
	METHOD a load (Ljava/io/InputStream;)Lcom/mojang/minecraft/level/Level;
		ARG 1 data
	METHOD a loadLevelOnline (Ljava/lang/String;Ljava/lang/String;I)Lcom/mojang/minecraft/level/Level;
		ARG 1 url
		ARG 2 user
		ARG 3 worldId
	METHOD b loadFromServer (Ljava/io/InputStream;)[B
		ARG 0 data
CLASS com/mojang/minecraft/a/d com/mojang/minecraft/renderer/PlayerCamera
	FIELD a client Lcom/mojang/minecraft/k;
	FIELD b fogFactor F
	FIELD c isActive Z
	FIELD d zFar F
	FIELD e playerHand Lcom/mojang/minecraft/a/h;
	FIELD f fogR F
	FIELD g fogG F
	FIELD h fogB F
	FIELD i unused1 I
	FIELD j unused2 I
	FIELD k buffer Ljava/nio/FloatBuffer;
	METHOD <init> (Lcom/mojang/minecraft/k;)V
		ARG 1 client
	METHOD a setupOrthoCamera ()V
	METHOD a damageCamera (F)V
		ARG 1 damage
	METHOD a getBuffer (FFFF)Ljava/nio/FloatBuffer;
		ARG 1 a
		ARG 2 b
		ARG 3 c
		ARG 4 d
	METHOD a setLighting (Z)V
		ARG 1 setting
	METHOD b setupFog ()V
	METHOD b bobCamera (F)V
		ARG 1 factor
CLASS com/mojang/minecraft/mob/Pig com/mojang/minecraft/mob/Pig
	FIELD a model Lcom/mojang/minecraft/d/k;
CLASS com/mojang/minecraft/a/c com/mojang/minecraft/renderer/Tesselator
	FIELD a instance Lcom/mojang/minecraft/a/c;
	FIELD b buffer Ljava/nio/FloatBuffer;
	FIELD c array [F
	FIELD d vertices I
	FIELD e u F
	FIELD f v F
	FIELD g r F
	FIELD h g F
	FIELD i b F
	FIELD j hasColor Z
	FIELD k hasTexture Z
	FIELD l len I
	FIELD m p I
	FIELD n lockColor Z
	METHOD a flush ()V
	METHOD a color (FFF)V
		ARG 1 r
		ARG 2 g
		ARG 3 b
	METHOD a vertexUV (FFFFF)V
		ARG 1 x
		ARG 2 y
		ARG 3 z
		ARG 4 u
		ARG 5 v
	METHOD a color (I)V
		ARG 1 c
	METHOD b init ()V
	METHOD b vertex (FFF)V
		ARG 1 x
		ARG 2 y
		ARG 3 z
	METHOD c lockColor ()V
	METHOD c setNormals (FFF)V
		ARG 1 x
		ARG 2 y
		ARG 3 z
	METHOD d clear ()V
CLASS com/mojang/minecraft/k com/mojang/minecraft/Minecraft
	FIELD A hitResult Lcom/mojang/minecraft/f;
	FIELD B options Lcom/mojang/minecraft/j;
	FIELD C serverIp Ljava/lang/String;
	FIELD D serverPort I
	FIELD E running Z
	FIELD F fpsString Ljava/lang/String;
	FIELD G mouseGrabbed Z
	FIELD H fullscreen Z
	FIELD I timer Lcom/mojang/minecraft/d;
	FIELD J cursor Lorg/lwjgl/input/Cursor;
	FIELD K resourceDownloader Lcom/mojang/minecraft/c;
	FIELD L ticks I
	FIELD M applet Lcom/mojang/minecraft/MinecraftApplet;
	FIELD N lastMouseClick I
	FIELD a playerLogic Lcom/mojang/minecraft/e/a;
	FIELD b width I
	FIELD c height I
	FIELD d level Lcom/mojang/minecraft/level/Level;
	FIELD e levelRenderer Lcom/mojang/minecraft/a/g;
	FIELD f player Lcom/mojang/minecraft/player/Player;
	FIELD g particleEngine Lcom/mojang/minecraft/particle/a;
	FIELD h session Lcom/mojang/minecraft/a;
	FIELD i serverHost Ljava/lang/String;
	FIELD j canvas Ljava/awt/Canvas;
	FIELD k appletConnected Z
	FIELD l pause Z
	FIELD m textures Lcom/mojang/minecraft/a/a;
	FIELD n font Lcom/mojang/minecraft/c/k;
	FIELD o gui Lcom/mojang/minecraft/c/n;
	FIELD p loadingScreen Lcom/mojang/minecraft/h;
	FIELD q playerCamera Lcom/mojang/minecraft/a/d;
	FIELD r levelOnline Lcom/mojang/minecraft/level/a;
	FIELD s musicPlayer Lcom/mojang/minecraft/b/k;
	FIELD t mapUsername Ljava/lang/String;
	FIELD u mapId I
	FIELD v appletRobot Ljava/awt/Robot;
	FIELD w playerGui Lcom/mojang/minecraft/c/l;
	FIELD x connecting Z
	FIELD y connectedServer Lcom/mojang/minecraft/net/c;
	FIELD z soundSystem Lcom/mojang/minecraft/b/i;
	METHOD <init> (Ljava/awt/Canvas;Lcom/mojang/minecraft/MinecraftApplet;IIZ)V
		ARG 1 canvas
		ARG 2 applet
		ARG 3 width
		ARG 4 height
		ARG 5 fullscreen
	METHOD a close ()V
	METHOD a generateWorld (I)V
		ARG 1 size
	METHOD a setGui (Lcom/mojang/minecraft/c/n;)V
		ARG 1 gui
	METHOD a clearLevel (Lcom/mojang/minecraft/level/Level;)V
		ARG 1 level
	METHOD a checkGlError (Ljava/lang/String;)V
		ARG 0 str
	METHOD a initLevel (Ljava/lang/String;I)Z
		ARG 1 username
		ARG 2 worldId
	METHOD b grabMouse ()V
	METHOD b handleMouse (I)V
		ARG 1 mouseClick
	METHOD c releaseMouse ()V
	METHOD d connected ()Z
	METHOD e tick ()V
	METHOD run run ()V
CLASS com/mojang/minecraft/a/f com/mojang/minecraft/renderer/ChunkSorter2
	FIELD a player Lcom/mojang/minecraft/player/Player;
	METHOD <init> (Lcom/mojang/minecraft/player/Player;)V
		ARG 1 player
CLASS com/mojang/minecraft/j com/mojang/minecraft/OptionsData
	FIELD a musicToggle Z
	FIELD b soundToggle Z
	FIELD c invertMouseToggle Z
	FIELD d showFPSToggle Z
	FIELD e renderDistance I
	FIELD f viewBobbing Z
	FIELD g anaglyph Z
	FIELD h unused Z
	FIELD i forward Lcom/mojang/minecraft/i;
	FIELD j left Lcom/mojang/minecraft/i;
	FIELD k back Lcom/mojang/minecraft/i;
	FIELD l right Lcom/mojang/minecraft/i;
	FIELD m jump Lcom/mojang/minecraft/i;
	FIELD n build Lcom/mojang/minecraft/i;
	FIELD o chat Lcom/mojang/minecraft/i;
	FIELD p fog Lcom/mojang/minecraft/i;
	FIELD q controls [Lcom/mojang/minecraft/i;
	FIELD r renderDistanceNames [Ljava/lang/String;
	FIELD s save Lcom/mojang/minecraft/i;
	FIELD t load Lcom/mojang/minecraft/i;
	FIELD u client Lcom/mojang/minecraft/k;
	FIELD v savePath Ljava/io/File;
	METHOD <init> (Lcom/mojang/minecraft/k;Ljava/io/File;)V
		ARG 1 client
		ARG 2 path
	METHOD a load ()V
	METHOD a getControl (I)Ljava/lang/String;
		ARG 1 controlId
	METHOD a setControl (II)V
		ARG 1 controlId
		ARG 2 keyId
	METHOD b save ()V
	METHOD b getOption (I)Ljava/lang/String;
		ARG 1 id
	METHOD b setOption (II)V
		ARG 1 id
		ARG 2 option
CLASS com/mojang/minecraft/e/b com/mojang/minecraft/entityLogic/PlayerLogic
	FIELD c x I
	FIELD d y I
	FIELD e z I
	FIELD f breakProgress I
	FIELD g breakSpeed I
	FIELD h breakDelay I
CLASS com/mojang/minecraft/a/e com/mojang/minecraft/renderer/Frustum
	FIELD a m_Frustum [[F
	FIELD b frustum Lcom/mojang/minecraft/a/e;
	FIELD c _proj Ljava/nio/FloatBuffer;
	FIELD d _modl Ljava/nio/FloatBuffer;
	FIELD e _clip Ljava/nio/FloatBuffer;
	FIELD f proj [F
	FIELD g modl [F
	FIELD h clip [F
	METHOD a getFrustum ()Lcom/mojang/minecraft/a/e;
	METHOD a isLineVisible (FFFFFF)Z
		ARG 1 x0
		ARG 2 y0
		ARG 3 z0
		ARG 4 x1
		ARG 5 y1
		ARG 6 z1
	METHOD a isAABBVisible (Lcom/mojang/minecraft/phys/AABB;)Z
		ARG 1 aabb
	METHOD a normalizePlane ([[FI)V
		ARG 0 frustum
		ARG 1 size
	METHOD b isCubeVisible (FFFFFF)Z
		ARG 1 x0
		ARG 2 y0
		ARG 3 z0
		ARG 4 x1
		ARG 5 y1
		ARG 6 z1
CLASS com/mojang/minecraft/i com/mojang/minecraft/PlayerControl
	FIELD a name Ljava/lang/String;
	FIELD b key I
	METHOD <init> (Ljava/lang/String;I)V
		ARG 1 name
		ARG 2 key
CLASS com/mojang/minecraft/e/a com/mojang/minecraft/entityLogic/EntityLogic
	FIELD a client Lcom/mojang/minecraft/k;
	FIELD b unused Z
	METHOD <init> (Lcom/mojang/minecraft/k;)V
		ARG 1 client
	METHOD a resetBreakTime ()V
	METHOD a getBreakPercentage (F)V
		ARG 1 timer
	METHOD a blockPlaced (I)Z
		ARG 1 id
	METHOD a tryInstaBreak (III)V
		ARG 1 x
		ARG 2 y
		ARG 3 z
	METHOD a punchBlock (IIII)V
		ARG 1 x
		ARG 2 y
		ARG 3 z
		ARG 4 face
	METHOD a useItem (Lcom/mojang/minecraft/player/Player;I)Z
		ARG 1 player
		ARG 2 id
	METHOD b getReach ()F
	METHOD b blockBroke (III)V
		ARG 1 x
		ARG 2 y
		ARG 3 z
CLASS com/mojang/minecraft/Entity com/mojang/minecraft/Entity
	FIELD bbHeight bbHeight F
	FIELD bb bb Lcom/mojang/minecraft/phys/AABB;
	FIELD bbWidth bbWidth F
	FIELD blockMap blockMap Lcom/mojang/minecraft/level/b;
	FIELD collision collision Z
	FIELD fallDistance fallDistance F
	FIELD heightOffset heightOffset F
	FIELD horizontalCollision horizontalCollision Z
	FIELD level level Lcom/mojang/minecraft/level/Level;
	FIELD makeStepSound makeStepSound Z
	FIELD nextStep nextStep I
	FIELD onGround onGround Z
	FIELD removed removed Z
	FIELD serialVersionUID serialVersionUID J
	FIELD slide slide Z
	FIELD walkDist walkDist F
	FIELD walkDistO walkDistO F
	FIELD x x F
	FIELD xOld xOld F
	FIELD xRot xRot F
	FIELD xRotO xRotO F
	FIELD xd xd F
	FIELD xo xo F
	FIELD y y F
	FIELD yOld yOld F
	FIELD yRot yRot F
	FIELD yRotO yRotO F
	FIELD yd yd F
	FIELD yo yo F
	FIELD z z F
	FIELD zOld zOld F
	FIELD zd zd F
	FIELD zo zo F
	METHOD <init> (Lcom/mojang/minecraft/level/Level;)V
		ARG 1 level
	METHOD awardKillScore awardKillScore (Lcom/mojang/minecraft/Entity;I)V
		ARG 1 entity
		ARG 2 score
	METHOD causeFallDamage causeFallDamage (F)V
		ARG 1 distance
	METHOD distanceTo distanceTo (Lcom/mojang/minecraft/Entity;)F
		ARG 1 entity
	METHOD distanceToSqr distanceToSqr (Lcom/mojang/minecraft/Entity;)F
		ARG 1 entity
	METHOD getBrightness getBrightness (F)F
		ARG 1 a
	METHOD hurt hurt (Lcom/mojang/minecraft/Entity;I)V
		ARG 1 entity
		ARG 2 damage
	METHOD interpolateTurn interpolateTurn (FF)V
		ARG 1 yo
		ARG 2 xo
	METHOD intersects intersects (FFFFFF)Z
		ARG 1 x0
		ARG 2 y0
		ARG 3 z0
		ARG 4 x1
		ARG 5 y1
		ARG 6 z1
	METHOD isFree isFree (FFF)Z
		ARG 1 x
		ARG 2 y
		ARG 3 z
	METHOD isInLava isInLava ()Z
	METHOD isInWater isInWater ()Z
	METHOD isLit isLit ()Z
	METHOD isPickable isPickable ()Z
	METHOD isPushable isPushable ()Z
	METHOD isShootable isShootable ()Z
	METHOD isUnderWater isUnderWater ()Z
	METHOD move move (FFF)V
		ARG 1 xa
		ARG 2 ya
		ARG 3 za
	METHOD moveRelative moveRelative (FFF)V
		ARG 1 xa
		ARG 2 za
		ARG 3 speed
	METHOD moveTo moveTo (FFFFF)V
		ARG 1 x
		ARG 2 y
		ARG 3 z
		ARG 4 yRot
		ARG 5 xRot
	METHOD playSound playSound (Ljava/lang/String;FF)V
		ARG 1 name
		ARG 2 volume
		ARG 3 pitch
	METHOD playerTouch playerTouch (Lcom/mojang/minecraft/player/Player;)V
		ARG 1 player
	METHOD push push (FFF)V
		ARG 1 xa
		ARG 2 ya
		ARG 3 za
	METHOD push push (Lcom/mojang/minecraft/Entity;)V
		ARG 1 entity
	METHOD remove remove ()V
	METHOD render$2a8c5a render (Lcom/mojang/minecraft/a/a;F)V
		ARG 1 textures
		ARG 2 scale
	METHOD resetPos resetPos ()V
	METHOD setLevel setLevel (Lcom/mojang/minecraft/level/Level;)V
		ARG 1 level
	METHOD setPos setPos (FFF)V
		ARG 1 x
		ARG 2 y
		ARG 3 z
	METHOD setPos setPos (Lcom/mojang/minecraft/net/b;)V
		ARG 1 update
	METHOD setRot setRot (FF)V
		ARG 1 yRot
		ARG 2 xRot
	METHOD setSize setSize (FF)V
		ARG 1 w
		ARG 2 h
	METHOD tick tick ()V
	METHOD turn turn (FF)V
		ARG 1 yo
		ARG 2 xo
CLASS com/mojang/minecraft/a/h com/mojang/minecraft/renderer/FirstPersonHand
	FIELD a client Lcom/mojang/minecraft/k;
	FIELD b tile Lcom/mojang/minecraft/level/tile/a;
	FIELD c level F
	FIELD d oldLevel F
	FIELD e swing I
	FIELD f swinging Z
	METHOD <init> (Lcom/mojang/minecraft/k;)V
		ARG 1 client
CLASS com/mojang/minecraft/h com/mojang/minecraft/LoadingScreen
	FIELD a message Ljava/lang/String;
	FIELD b client Lcom/mojang/minecraft/k;
	FIELD c header Ljava/lang/String;
	METHOD <init> (Lcom/mojang/minecraft/k;)V
		ARG 1 client
	METHOD a loadingScreen (I)V
		ARG 1 progress
	METHOD a loadingScreenHeader (Ljava/lang/String;)V
		ARG 1 text
	METHOD b loadingScreen (Ljava/lang/String;)V
		ARG 1 text
CLASS com/mojang/minecraft/g com/mojang/minecraft/SystemInfo
	FIELD a osIDs [I
CLASS com/mojang/minecraft/a/g com/mojang/minecraft/renderer/LevelRenderer
	FIELD a level Lcom/mojang/minecraft/level/Level;
	FIELD b textures Lcom/mojang/minecraft/a/a;
	FIELD c listIndex1 I
	FIELD d lists Ljava/nio/IntBuffer;
	FIELD e dirtyChunks Ljava/util/Set;
	FIELD f publicChunks [Lcom/mojang/minecraft/a/i;
	FIELD g listIndex2 I
	FIELD h breakPercentage F
	FIELD i chunks [Lcom/mojang/minecraft/a/i;
	FIELD j xChunks I
	FIELD k yChunks I
	FIELD l zChunks I
	FIELD m cloudPosition I
	FIELD n client Lcom/mojang/minecraft/k;
	FIELD o tempLists [I
	FIELD p x F
	FIELD q y F
	FIELD r z F
	METHOD <init> (Lcom/mojang/minecraft/k;Lcom/mojang/minecraft/a/a;)V
		ARG 1 client
		ARG 2 textures
	METHOD a loadRenderer ()V
	METHOD a renderClouds (F)V
		ARG 1 a
	METHOD a forceRenderTile (III)V
		ARG 1 x
		ARG 2 y
		ARG 3 z
	METHOD a setDirty (IIIIII)V
		ARG 1 x0
		ARG 2 y0
		ARG 3 z0
		ARG 4 x1
		ARG 5 y1
		ARG 6 z1
	METHOD a renderHit (Lcom/mojang/minecraft/f;II)V
		ARG 1 hitResult
		ARG 2 mode
		ARG 3 paintTexture
	METHOD a render (Lcom/mojang/minecraft/player/Player;I)I
		ARG 1 player
		ARG 2 layer
CLASS com/mojang/minecraft/f com/mojang/minecraft/HitResult
	FIELD a type I
	FIELD b x I
	FIELD c y I
	FIELD d z I
	FIELD e f I
	FIELD f pos Lcom/mojang/minecraft/d/b;
	FIELD g entity Lcom/mojang/minecraft/Entity;
	METHOD <init> (IIIILcom/mojang/minecraft/d/b;)V
		ARG 1 x
		ARG 2 y
		ARG 3 z
		ARG 4 f
		ARG 5 pos
	METHOD <init> (Lcom/mojang/minecraft/Entity;)V
		ARG 1 entity
CLASS com/mojang/minecraft/a/i com/mojang/minecraft/renderer/Chunk
	FIELD a updates I
	FIELD b visible Z
	FIELD c level Lcom/mojang/minecraft/level/Level;
	FIELD d lists I
	FIELD e t Lcom/mojang/minecraft/a/c;
	FIELD f x I
	FIELD g y I
	FIELD h z I
	FIELD i w I
	FIELD j d I
	FIELD k h I
	FIELD l empty [Z
	METHOD <init> (Lcom/mojang/minecraft/level/Level;IIIII)V
		ARG 1 level
		ARG 2 x
		ARG 3 y
		ARG 4 z
		ARG 5 size
		ARG 6 lists
	METHOD a delete ()V
	METHOD a checkVisible (Lcom/mojang/minecraft/a/e;)V
		ARG 1 frustum
	METHOD a rebuild (Z)V
	METHOD a getLists ([IIIFFF)I
		ARG 1 lists
		ARG 2 pos
		ARG 3 layer
		ARG 4 x
		ARG 5 y
		ARG 6 z
	METHOD b setOuter ()V
CLASS com/mojang/minecraft/particle/a com/mojang/minecraft/particle/ParticleEngine
	FIELD a particles Ljava/util/List;
	FIELD b textures Lcom/mojang/minecraft/a/a;
	METHOD <init> (Lcom/mojang/minecraft/level/Level;Lcom/mojang/minecraft/a/a;)V
		ARG 1 level
		ARG 2 textures
	METHOD a removeOldParticles ()V
	METHOD a addParticle (Lcom/mojang/minecraft/particle/Particle;)V
		ARG 1 particle
	METHOD a render (Lcom/mojang/minecraft/player/Player;F)V
		ARG 1 player
		ARG 2 a
CLASS com/mojang/minecraft/e com/mojang/minecraft/AppletFallback
	METHOD <init> (Lcom/mojang/minecraft/k;)V
		ARG 1 client
	METHOD run run ()V
CLASS com/mojang/minecraft/d com/mojang/minecraft/Timer
	FIELD a ticksPerSecond F
	FIELD b lastTimeSnapshot D
	FIELD c ticks I
	FIELD d a F
	FIELD e timeScale F
	FIELD f passedTime F
	FIELD g lastTime J
	FIELD h lastCalcTime J
	FIELD i timeRatio D
	METHOD <init> (F)V
		ARG 1 ticksPerSecond
CLASS com/mojang/minecraft/c com/mojang/minecraft/ResourceDownloader
	FIELD a disconnected Z
	FIELD b outputPath Ljava/io/File;
	FIELD c client Lcom/mojang/minecraft/k;
	METHOD <init> (Ljava/io/File;Lcom/mojang/minecraft/k;)V
		ARG 1 outputPath
		ARG 2 client
	METHOD a downloadFile (Ljava/net/URL;Ljava/io/File;)V
		ARG 1 url
		ARG 2 outputPath
	METHOD run run ()V
CLASS com/mojang/minecraft/level/d com/mojang/minecraft/level/TickUpdate
	FIELD a x I
	FIELD b y I
	FIELD c z I
	FIELD d tile I
	FIELD e tickDelay I
	METHOD <init> (IIII)V
		ARG 1 x
		ARG 2 y
		ARG 3 z
		ARG 4 tile
CLASS com/mojang/minecraft/b com/mojang/minecraft/ChatMessage
	FIELD a message Ljava/lang/String;
	FIELD b lifetime I
	METHOD <init> (Ljava/lang/String;)V
		ARG 1 message
CLASS com/mojang/minecraft/a com/mojang/minecraft/Session
	FIELD a username Ljava/lang/String;
	FIELD b sessionId Ljava/lang/String;
	FIELD c mpPass Ljava/lang/String;
	FIELD d whitelistedTiles Ljava/util/List;
	METHOD <init> (Ljava/lang/String;Ljava/lang/String;)V
		ARG 1 username
		ARG 2 sessionId
CLASS com/mojang/minecraft/level/e com/mojang/minecraft/level/unused
CLASS com/mojang/minecraft/level/a/a com/mojang/minecraft/level/generator/LevelGenerator
	FIELD a loadingScreen Lcom/mojang/minecraft/h;
	FIELD b width I
	FIELD c height I
	FIELD d depth I
	FIELD e random Ljava/util/Random;
	FIELD f blockArray [B
	FIELD g waterLevel I
	FIELD h fluidLevels [I
	METHOD <init> (Lcom/mojang/minecraft/h;)V
		ARG 1 loadingScreen
	METHOD a floodMap ()V
	METHOD a loadProgress (I)V
		ARG 1 progress
	METHOD a spawnOres (IIII)V
		ARG 1 tile
		ARG 2 x
		ARG 3 y
		ARG 4 z
	METHOD a floodMap (IIIII)J
		ARG 1 x
		ARG 2 fluidLevel
		ARG 3 z
		ARG 4 byteId
		ARG 5 id
	METHOD a spawnMobs (Lcom/mojang/minecraft/level/Level;)V
		ARG 1 level
	METHOD a plantTrees (Lcom/mojang/minecraft/level/Level;[I)V
		ARG 1 level
		ARG 2 blocks
	METHOD a loadWorld (Ljava/lang/String;III)Lcom/mojang/minecraft/level/Level;
		ARG 1 username
		ARG 2 width
		ARG 3 height
		ARG 4 depth
	METHOD a generateBeaches ([I)V
		ARG 1 blocks
	METHOD b plantFlowers ([I)V
		ARG 1 blocks
	METHOD c plantMushrooms ([I)V
		ARG 1 blocks
CLASS com/mojang/minecraft/mob/a com/mojang/minecraft/mob/CreeperAi
	FIELD h creeper Lcom/mojang/minecraft/mob/Creeper;
	METHOD <init> (Lcom/mojang/minecraft/mob/Creeper;)V
		ARG 1 creeper
CLASS com/mojang/minecraft/item/Item com/mojang/minecraft/item/Item
	FIELD a itemModels [Lcom/mojang/minecraft/item/b;
	FIELD age age I
	FIELD resource resource I
	FIELD rot rot F
	FIELD tickCount tickCount I
	FIELD xd xd F
	FIELD yd yd F
	FIELD zd zd F
	METHOD <init> (Lcom/mojang/minecraft/level/Level;FFFI)V
		ARG 1 level
		ARG 2 x
		ARG 3 y
		ARG 4 z
		ARG 5 resource
